<html>
<body>
<pre>
<h1>µVision Build Log</h1>
<h2>Tool Versions:</h2>
IDE-Version: µVision V5.14.0.0
Copyright (C) 2015 ARM Ltd and ARM Germany GmbH. All rights reserved.
License Information: Adam Eden, Sky Unlimited, LIC=----
 
Tool Versions:
Toolchain:       MDK-Lite  Version: 5.14.0.0
Toolchain Path:  C:\Keil_v5\ARM\ARMCC\Bin
C Compiler:      Armcc.exe V5.05 update 1 (build 106)
Assembler:       Armasm.exe V5.05 update 1 (build 106)
Linker/Locator:  ArmLink.exe V5.05 update 1 (build 106)
Library Manager: ArmAr.exe V5.05 update 1 (build 106)
Hex Converter:   FromElf.exe V5.05 update 1 (build 106)
CPU DLL:         SARMCM3.DLL V5.14.0.0
Dialog DLL:      DARMCM1.DLL V1.12.0.0
Target DLL:      Nu_Link.dll V1.26
Dialog DLL:      TARMCM1.DLL V1.9.0.0
 
<h2>Project:</h2>
C:\Users\Marko\Desktop\Unacuna\unacuna n572 code from Rob\Motor_Control_Chip\Motor_Control_Chip.uvprojx
Project File Date:  04/15/2015

<h2>Output:</h2>
Rebuild target 'F072_Debug'
compiling SFR.c...
compiling Main.c...
app_SoftPWM.h(14): warning:  #1-D: last line of file ends without a newline
  void RGB_set(uint8_t R, uint8_t G, uint8_t B);
Main.c: 1 warning, 0 errors
compiling Spi.c...
compiling Adc.c...
compiling PWM.c...
compiling app_SinDrive.c...
compiling app_drv8301.c...
compiling app_SoftPWM.c...
app_SoftPWM.h(14): warning:  #1-D: last line of file ends without a newline
  void RGB_set(uint8_t R, uint8_t G, uint8_t B);
app_SoftPWM.c: 1 warning, 0 errors
compiling core_cm0.c...
assembling startup_N572_ISP.s...
linking...
.\F072\Debug\Motor_Control_Chip.axf: Warning: C3912W: Option 'device' is deprecated.
Program Size: Code=13168 RO-data=656 RW-data=256 ZI-data=5696  
After Build - User command #1: fromelf --i32combined --output F072\Debug\Motor_Control_Chip.hex F072\Debug\Motor_Control_Chip.axf
After Build - User command #2: ../Nuvoton/WindowsPlatform/Tool/Utility/hex2bin F072\Debug\Motor_Control_Chip.hex
hex2bin v1.0.2, Copyright (C) 2012 Jacques Pelletier
Lowest address = 00000000
Highest address = 000037B7
".\F072\Debug\Motor_Control_Chip.axf" - 0 Error(s), 3 Warning(s).

<h2>Collection of Component include folders:</h2>
  C:\Users\Marko\Desktop\Unacuna\unacuna n572 code from Rob\Motor_Control_Chip\RTE

<h2>Collection of Component Files used:</h2>
</pre>
</body>
</html>
