<html>
<body>
<pre>
<h1>µVision Build Log</h1>
<h2>Tool Versions:</h2>
IDE-Version: µVision V5.16.0.0
Copyright (C) 2015 ARM Ltd and ARM Germany GmbH. All rights reserved.
License Information: rob garbanati, OLogic, LIC=----
 
Tool Versions:
Toolchain:       MDK-Lite  Version: 5.16.0.0
Toolchain Path:  C:\Keil_v5\ARM\ARMCC\Bin
C Compiler:      Armcc.exe V5.06 (build 20)
Assembler:       Armasm.exe V5.06 (build 20)
Linker/Locator:  ArmLink.exe V5.06 (build 20)
Library Manager: ArmAr.exe V5.06 (build 20)
Hex Converter:   FromElf.exe V5.06 (build 20)
CPU DLL:         SARMCM3.DLL V5.16.0.0
Dialog DLL:      DARMCM1.DLL V1.12.0.0
Target DLL:      Nu_Link.dll V1.30
Dialog DLL:      TARMCM1.DLL V1.9.0.0
 
<h2>Project:</h2>
C:\Users\rawb\ologic\unacuna\remote_test\P9_proto\firmware\motor_controller\code\Motor_Control_Chip.uvprojx
Project File Date:  02/12/2016

<h2>Output:</h2>
*** Using Compiler 'V5.06 (build 20)', folder: 'C:\Keil_v5\ARM\ARMCC\Bin'
Build target 'F072_Debug'
compiling SFR.c...
compiling app_drv8301.c...
compiling Spi.c...
compiling PWM.c...
compiling app_SinDrive.c...
compiling Main.c...
compiling Adc.c...
compiling app_OptoSensor.c...
compiling app_SoftPWM.c...
assembling startup_N572_ISP.s...
compiling core_cm0.c...
linking...
.\F072\Debug\Motor_Control_Chip.axf: Warning: C3912W: Option 'device' is deprecated.
Program Size: Code=14096 RO-data=656 RW-data=280 ZI-data=5696  
After Build - User command #1: fromelf --i32combined --output F072\Debug\Motor_Control_Chip.hex F072\Debug\Motor_Control_Chip.axf
After Build - User command #2: ../Nuvoton/WindowsPlatform/Tool/Utility/hex2bin F072\Debug\Motor_Control_Chip.hex
*** Error: CreateProcess failed, Command: '../Nuvoton/WindowsPlatform/Tool/Utility/hex2bin F072\Debug\Motor_Control_Chip.hex'
".\F072\Debug\Motor_Control_Chip.axf" - 1 Error(s), 1 Warning(s).

<h2>Collection of Component include folders:</h2>
  C:\Users\rawb\ologic\unacuna\remote_test\P9_proto\firmware\motor_controller\code\RTE

<h2>Collection of Component Files used:</h2>
Target not created.
Build Time Elapsed:  00:00:00
</pre>
</body>
</html>
