<html>
<body>
<pre>
<h1>µVision Build Log</h1>
<h2>Project:</h2>
C:\Users\Rob\Documents\OLogic\Unacuna\P9_proto\firmware\motor_controller\code - Copy\Motor_Control_Chip.uvproj
Project File Date:  08/31/2015

<h2>Output:</h2>
Build target 'F072_Debug'
compiling SFR.c...
compiling Main.c...
app_SoftPWM.h(16): warning:  #1-D: last line of file ends without a newline
compiling Spi.c...
app_SoftPWM.h(16): warning:  #1-D: last line of file ends without a newline
Spi.c(22): warning:  #47-D: incompatible redefinition of macro "ONLINE_STATE" (declared at line 9 of "PWM.h")
compiling Adc.c...
compiling PWM.c...
compiling app_SinDrive.c...
compiling app_drv8301.c...
compiling app_SoftPWM.c...
app_SoftPWM.h(16): warning:  #1-D: last line of file ends without a newline
compiling core_cm0.c...
assembling startup_N572_ISP.s...
linking...
Program Size: Code=4816 RO-data=176 RW-data=156 ZI-data=2108  
User command #1: fromelf --i32combined --output F072\Debug\Motor_Control_Chip.hex F072\Debug\Motor_Control_Chip.axf
User command #2: ../Nuvoton/WindowsPlatform/Tool/Utility/hex2bin F072\Debug\Motor_Control_Chip.hex
hex2bin v1.0.2, Copyright (C) 2012 Jacques Pelletier
Lowest address = 00000000
Highest address = 000014D3
".\F072\Debug\Motor_Control_Chip.axf" - 0 Error(s), 4 Warning(s).
