Product: MDK-ARM Professional 5.10
Component: ARM Compiler 5.04 update 1 (build 49)
Tool: armlink [5040049]

==============================================================================

Small function inlining results

Inlined function __aeabi_idiv0 from aeabi_idiv0.o at offset 0x1e2 in aeabi_sdivfast.o(.text).
Inlined Instruction: BX       lr
Inlined function __aeabi_idiv0 from aeabi_idiv0.o at offset 0x1e2 in aeabi_sdivfast_div0.o(.text).
Inlined Instruction: BX       lr
Inlined function __aeabi_ldiv0 from aeabi_ldiv0.o at offset 0xf8 in lludiv.o(.text).
Inlined Instruction: BX       lr
Inlined function _platform_pre_stackheap_init from boardinit1.o at offset 0x0 in rtentry2.o(.ARM.Collect$$rtentry$$00000001).
Inlined Instruction: BX       lr
Inlined function _fp_init from fpinit.o at offset 0x0 in libinit2.o(.ARM.Collect$$libinit$$00000001).
Inlined Instruction: BX       lr
Inlined function _platform_pre_lib_shutdown from boardshut.o at offset 0x0 in rtexit2.o(.ARM.Collect$$rtexit$$00000001).
Inlined Instruction: BX       lr
Inlined function __ARM_get_argv from no_argv.o at offset 0x2 in argv_veneer.o(.text).
Inlined Instruction: BX       lr
Inlined total of 7 calls.

==============================================================================

Section Cross References

    main.o(.text) refers to spi.o(.text) for read_and_write_SPI
    main.o(.text) refers to DRVCLK_drvclk_f072.o(i.DrvCLK_GetHclk) for DrvCLK_GetHclk
    main.o(.text) refers to DRVCLK_drvclk_f072.o(i.DrvCLK_GetSrcClkAdc) for DrvCLK_GetSrcClkAdc
    main.o(.text) refers to aeabi_sdivfast.o(.text) for __aeabi_uidivmod
    main.o(.text) refers to DRVSYS_drvsys.o(i.DrvSYS_UnlockKeyReg) for DrvSYS_UnlockKeyReg
    main.o(.text) refers to SOFTUART_softuart.o(i.SoftUART_Open) for SoftUART_Open
    main.o(.text) refers to dirdetect.o(.text) for dirDetectInit
    main.o(.text) refers to sfr.o(.ARM.__AT_0x50004040) for GPIOB
    main.o(.text) refers to sfr.o(.ARM.__AT_0x50000200) for CLK
    main.o(.text) refers to sfr.o(.ARM.__AT_0x50000000) for SYS
    main.o(.text) refers to sfr.o(.ARM.__AT_0x50004000) for GPIOA
    dirdetect.o(.text) refers to assert.o(.text) for __aeabi_assert
    dirdetect.o(.text) refers to DRVADC_drvadc.o(i.DrvADC_Open) for DrvADC_Open
    dirdetect.o(.text) refers to DRVTIMER_drvtimer.o(i.DrvTimer_WaitMillisecondTmr2) for DrvTimer_WaitMillisecondTmr2
    dirdetect.o(.text) refers to DRVADC_drvadc.o(i.DrvADC_AnalysisAdcCalibration) for DrvADC_AnalysisAdcCalibration
    dirdetect.o(.text) refers to sfr.o(.ARM.__AT_0x400E0000) for ADC
    dirdetect.o(.text) refers to dirdetect.o(.data) for collect_samples
    dirdetect.o(.text) refers to dirdetect.o(.bss) for ADC_Buf_A
    dirdetect.o(.text) refers to DRVADC_drvadc.o(.data) for g_i16AveCalibrationValue
    dirdetect.o(.text) refers to DRVAPU_drvapu.o(.data) for g_i16DCBiasSW
    dirdetect.o(.text) refers to sfr.o(.ARM.__AT_0x50008000) for APU
    dirdetect.o(.text) refers to rt_memcpy.o(.emb_text) for __aeabi_memcpy4
    dirdetect.o(.text) refers to llmul.o(.text) for __aeabi_lmul
    dirdetect.o(.text) refers to llsdiv.o(.text) for __aeabi_ldivmod
    dirdetect.o(.text) refers to dirdetect.o(.constdata) for .constdata
    dirdetect.o(.text) refers to aeabi_sdivfast.o(.text) for __aeabi_idivmod
    spi.o(.text) refers to DRVCLK_drvclk_f072.o(i.DrvCLK_GetHclk) for DrvCLK_GetHclk
    spi.o(.text) refers to DRVSPI_drvspi_f072.o(i.DrvSPI_Open) for DrvSPI_Open
    spi.o(.text) refers to sfr.o(.ARM.__AT_0x50004040) for GPIOB
    spi.o(.text) refers to dirdetect.o(.data) for audio_filter
    startup_n572_isp.o(STACK) refers (Special) to heapauxi.o(.text) for __use_two_region_memory
    startup_n572_isp.o(HEAP) refers (Special) to heapauxi.o(.text) for __use_two_region_memory
    startup_n572_isp.o(RESET) refers (Special) to heapauxi.o(.text) for __use_two_region_memory
    startup_n572_isp.o(RESET) refers to startup_n572_isp.o(STACK) for __initial_sp
    startup_n572_isp.o(RESET) refers to startup_n572_isp.o(STARTUP) for Reset_Handler
    startup_n572_isp.o(RESET) refers to startup_n572_isp.o(EXCEPTION) for NMI_Wrapper
    startup_n572_isp.o(EXCEPTION) refers (Special) to heapauxi.o(.text) for __use_two_region_memory
    startup_n572_isp.o(EXCEPTION) refers to startup_n572_isp.o(IRQTABLE) for NMI_ISR
    startup_n572_isp.o(STARTUP) refers (Special) to heapauxi.o(.text) for __use_two_region_memory
    startup_n572_isp.o(STARTUP) refers to __main.o(!!!main) for __main
    startup_n572_isp.o(STARTUP) refers to startup_n572_isp.o(HEAP) for Heap_Mem
    startup_n572_isp.o(STARTUP) refers to startup_n572_isp.o(STACK) for Stack_Mem
    startup_n572_isp.o(IRQTABLE) refers (Special) to heapauxi.o(.text) for __use_two_region_memory
    startup_n572_isp.o(IRQTABLE) refers to startup_n572_isp.o(STARTUP) for Reset_Handler
    startup_n572_isp.o(IRQTABLE) refers to SemiHost_Startup_Keil.o(.text) for HardFault_Handler
[...]
    DRVTIMER_drvtimer.o(i.DrvTimer_WaitMillisecondTmr1) refers to sfr.o(.ARM.__AT_0x40010020) for TMR1
    DRVTIMER_drvtimer.o(i.DrvTimer_WaitMillisecondTmr2) refers to DRVTIMER_drvtimer.o(i.DrvCLK_GetClkTmr2) for DrvCLK_GetClkTmr2
    DRVTIMER_drvtimer.o(i.DrvTimer_WaitMillisecondTmr2) refers to aeabi_sdivfast.o(.text) for __aeabi_uidivmod
    DRVTIMER_drvtimer.o(i.DrvTimer_WaitMillisecondTmr2) refers to DRVTIMER_drvtimer.o(i.DrvTimer_OpenTmr2) for DrvTimer_OpenTmr2
    DRVTIMER_drvtimer.o(i.DrvTimer_WaitMillisecondTmr2) refers to DRVTIMER_drvtimer.o(i.DrvTimer_CloseTmr2) for DrvTimer_CloseTmr2
    DRVTIMER_drvtimer.o(i.DrvTimer_WaitMillisecondTmr2) refers to sfr.o(.ARM.__AT_0x40010040) for TMR2
    llsdiv.o(.text) refers to lludiv.o(.text) for __aeabi_uldivmod
    assert.o(.text) refers to assert_puts.o(.text) for __assert_puts
    assert.o(.text) refers to aeabi_sdivfast.o(.text) for __aeabi_idivmod
    assert.o(.text) refers to abort.o(.text) for abort
    rt_memcpy.o(.text) refers to rt_memcpy.o(.emb_text) for __aeabi_memcpy4
    __main.o(!!!main) refers to rtentry.o(.ARM.Collect$$rtentry$$00000000) for __rt_entry
    rtentry.o(.ARM.Collect$$rtentry$$00000000) refers (Special) to rtentry2.o(.ARM.Collect$$rtentry$$0000000A) for __rt_entry_li
    rtentry.o(.ARM.Collect$$rtentry$$00000000) refers (Special) to rtentry2.o(.ARM.Collect$$rtentry$$0000000D) for __rt_entry_main
    rtentry.o(.ARM.Collect$$rtentry$$00000000) refers (Special) to rtentry2.o(.ARM.Collect$$rtentry$$0000000C) for __rt_entry_postli_1
    rtentry.o(.ARM.Collect$$rtentry$$00000000) refers (Special) to rtentry2.o(.ARM.Collect$$rtentry$$00000009) for __rt_entry_postsh_1
    rtentry.o(.ARM.Collect$$rtentry$$00000000) refers (Special) to rtentry2.o(.ARM.Collect$$rtentry$$00000002) for __rt_entry_presh_1
    rtentry.o(.ARM.Collect$$rtentry$$00000000) refers (Special) to rtentry4.o(.ARM.Collect$$rtentry$$00000004) for __rt_entry_sh
    aeabi_idiv0_sigfpe.o(.text) refers to rt_div0.o(.text) for __rt_div0
    abort.o(.text) refers to defsig_abrt_outer.o(.text) for __rt_SIGABRT
    abort.o(.text) refers (Weak) to libshutdown.o(.ARM.Collect$$libshutdown$$00000000) for __rt_lib_shutdown
    abort.o(.text) refers to sys_exit.o(.text) for _sys_exit
    assert_puts.o(.text) refers to semihost_retarget.o(i._ttywrch) for _ttywrch
    semihost_retarget.o(i.GetChar) refers to SemiHost_Startup_Keil.o(.text) for SH_DoCommand
    semihost_retarget.o(i.SendChar) refers to SemiHost_Startup_Keil.o(.text) for SH_DoCommand
    semihost_retarget.o(i.SendChar) refers to semihost_retarget.o(.bss) for .bss
    semihost_retarget.o(i.SendChar) refers to semihost_retarget.o(.data) for .data
    semihost_retarget.o(i._ttywrch) refers to semihost_retarget.o(i.SendChar) for SendChar
    semihost_retarget.o(i.fgetc) refers to semihost_retarget.o(i.GetChar) for GetChar
    semihost_retarget.o(i.fputc) refers to semihost_retarget.o(i.SendChar) for SendChar
    sys_exit.o(.text) refers (Special) to use_no_semi.o(.text) for __I$use$semihosting
    sys_exit.o(.text) refers (Special) to indicate_semi.o(.text) for __semihosting_library_function
    rtentry2.o(.ARM.Collect$$rtentry$$00000008) refers to boardinit2.o(.text) for _platform_post_stackheap_init
    rtentry2.o(.ARM.Collect$$rtentry$$0000000A) refers to libinit.o(.ARM.Collect$$libinit$$00000000) for __rt_lib_init
    rtentry2.o(.ARM.Collect$$rtentry$$0000000B) refers to boardinit3.o(.text) for _platform_post_lib_init
    rtentry2.o(.ARM.Collect$$rtentry$$0000000D) refers to main.o(.text) for main
    rtentry2.o(.ARM.Collect$$rtentry$$0000000D) refers to exit.o(.text) for exit
    rtentry2.o(.ARM.exidx) refers to rtentry2.o(.ARM.Collect$$rtentry$$00000001) for .ARM.Collect$$rtentry$$00000001
    rtentry2.o(.ARM.exidx) refers to rtentry2.o(.ARM.Collect$$rtentry$$00000008) for .ARM.Collect$$rtentry$$00000008
    rtentry2.o(.ARM.exidx) refers to rtentry2.o(.ARM.Collect$$rtentry$$0000000A) for .ARM.Collect$$rtentry$$0000000A
    rtentry2.o(.ARM.exidx) refers to rtentry2.o(.ARM.Collect$$rtentry$$0000000B) for .ARM.Collect$$rtentry$$0000000B
    rtentry2.o(.ARM.exidx) refers to rtentry2.o(.ARM.Collect$$rtentry$$0000000D) for .ARM.Collect$$rtentry$$0000000D
    rtentry4.o(.ARM.Collect$$rtentry$$00000004) refers to sys_stackheap_outer.o(.text) for __user_setup_stackheap
    rtentry4.o(.ARM.exidx) refers to rtentry4.o(.ARM.Collect$$rtentry$$00000004) for .ARM.Collect$$rtentry$$00000004
    rt_div0.o(.text) refers to defsig_fpe_outer.o(.text) for __rt_SIGFPE
    aeabi_ldiv0_sigfpe.o(.text) refers to rt_div0.o(.text) for __rt_div0
    defsig_abrt_outer.o(.text) refers to defsig_abrt_inner.o(.text) for __rt_SIGABRT_inner
    defsig_abrt_outer.o(.text) refers to defsig_exit.o(.text) for __sig_exit
    defsig_abrt_formal.o(.text) refers to rt_raise.o(.text) for __rt_raise
    sys_stackheap_outer.o(.text) refers to libspace.o(.text) for __user_perproc_libspace
    sys_stackheap_outer.o(.text) refers to startup_n572_isp.o(STARTUP) for __user_initial_stackheap
    sys_stackheap_outer.o(__vectab_stack_and_reset_area) refers to tempstk.o(.text) for __temporary_stack_top
    sys_stackheap_outer.o(__vectab_stack_and_reset_area) refers to __main.o(!!!main) for __main
    rt_raise.o(.text) refers to __raise.o(.text) for __raise
    rt_raise.o(.text) refers to sys_exit.o(.text) for _sys_exit
    exit.o(.text) refers to rtexit.o(.ARM.Collect$$rtexit$$00000000) for __rt_exit
    defsig_exit.o(.text) refers to sys_exit.o(.text) for _sys_exit
    defsig_abrt_inner.o(.text) refers to defsig_general.o(.text) for __default_signal_display
    defsig_fpe_outer.o(.text) refers to defsig_fpe_inner.o(.text) for __rt_SIGFPE_inner
    defsig_fpe_outer.o(.text) refers to defsig_exit.o(.text) for __sig_exit
    defsig_fpe_formal.o(.text) refers to rt_raise.o(.text) for __rt_raise
    libinit.o(.ARM.Collect$$libinit$$00000000) refers (Special) to libinit2.o(.ARM.Collect$$libinit$$0000002C) for __rt_lib_init_alloca_1
    libinit.o(.ARM.Collect$$libinit$$00000000) refers (Special) to libinit2.o(.ARM.Collect$$libinit$$0000002A) for __rt_lib_init_argv_1
    libinit.o(.ARM.Collect$$libinit$$00000000) refers (Special) to libinit2.o(.ARM.Collect$$libinit$$00000019) for __rt_lib_init_atexit_1
    libinit.o(.ARM.Collect$$libinit$$00000000) refers (Special) to libinit2.o(.ARM.Collect$$libinit$$0000001F) for __rt_lib_init_clock_1
    libinit.o(.ARM.Collect$$libinit$$00000000) refers (Special) to libinit2.o(.ARM.Collect$$libinit$$00000030) for __rt_lib_init_cpp_1
    libinit.o(.ARM.Collect$$libinit$$00000000) refers (Special) to libinit2.o(.ARM.Collect$$libinit$$0000002E) for __rt_lib_init_exceptions_1
    libinit.o(.ARM.Collect$$libinit$$00000000) refers (Special) to libinit2.o(.ARM.Collect$$libinit$$00000001) for __rt_lib_init_fp_1
    libinit.o(.ARM.Collect$$libinit$$00000000) refers (Special) to libinit2.o(.ARM.Collect$$libinit$$0000001D) for __rt_lib_init_fp_trap_1
    libinit.o(.ARM.Collect$$libinit$$00000000) refers (Special) to libinit2.o(.ARM.Collect$$libinit$$00000021) for __rt_lib_init_getenv_1
    libinit.o(.ARM.Collect$$libinit$$00000000) refers (Special) to libinit2.o(.ARM.Collect$$libinit$$00000008) for __rt_lib_init_heap_1
    libinit.o(.ARM.Collect$$libinit$$00000000) refers (Special) to libinit2.o(.ARM.Collect$$libinit$$0000000F) for __rt_lib_init_lc_collate_1
    libinit.o(.ARM.Collect$$libinit$$00000000) refers (Special) to libinit2.o(.ARM.Collect$$libinit$$00000011) for __rt_lib_init_lc_ctype_1
    libinit.o(.ARM.Collect$$libinit$$00000000) refers (Special) to libinit2.o(.ARM.Collect$$libinit$$00000013) for __rt_lib_init_lc_monetary_1
    libinit.o(.ARM.Collect$$libinit$$00000000) refers (Special) to libinit2.o(.ARM.Collect$$libinit$$00000015) for __rt_lib_init_lc_numeric_1
    libinit.o(.ARM.Collect$$libinit$$00000000) refers (Special) to libinit2.o(.ARM.Collect$$libinit$$00000017) for __rt_lib_init_lc_time_1
    libinit.o(.ARM.Collect$$libinit$$00000000) refers (Special) to libinit2.o(.ARM.Collect$$libinit$$0000000C) for __rt_lib_init_rand_1
    libinit.o(.ARM.Collect$$libinit$$00000000) refers (Special) to libinit2.o(.ARM.Collect$$libinit$$00000031) for __rt_lib_init_return
    libinit.o(.ARM.Collect$$libinit$$00000000) refers (Special) to libinit2.o(.ARM.Collect$$libinit$$0000001B) for __rt_lib_init_signal_1
    libinit.o(.ARM.Collect$$libinit$$00000000) refers (Special) to libinit2.o(.ARM.Collect$$libinit$$00000023) for __rt_lib_init_stdio_1
    libinit.o(.ARM.Collect$$libinit$$00000000) refers (Special) to libinit2.o(.ARM.Collect$$libinit$$0000000A) for __rt_lib_init_user_alloc_1
    libspace.o(.text) refers to libspace.o(.bss) for __libspace_start
    rtexit.o(.ARM.Collect$$rtexit$$00000000) refers (Special) to rtexit2.o(.ARM.Collect$$rtexit$$00000004) for __rt_exit_exit
    rtexit.o(.ARM.Collect$$rtexit$$00000000) refers (Special) to rtexit2.o(.ARM.Collect$$rtexit$$00000003) for __rt_exit_ls
    rtexit.o(.ARM.Collect$$rtexit$$00000000) refers (Special) to rtexit2.o(.ARM.Collect$$rtexit$$00000002) for __rt_exit_prels_1
    rtexit.o(.ARM.exidx) refers (Special) to rtexit2.o(.ARM.Collect$$rtexit$$00000004) for __rt_exit_exit
    rtexit.o(.ARM.exidx) refers (Special) to rtexit2.o(.ARM.Collect$$rtexit$$00000003) for __rt_exit_ls
    rtexit.o(.ARM.exidx) refers (Special) to rtexit2.o(.ARM.Collect$$rtexit$$00000002) for __rt_exit_prels_1
    rtexit.o(.ARM.exidx) refers to rtexit.o(.ARM.Collect$$rtexit$$00000000) for .ARM.Collect$$rtexit$$00000000
    __raise.o(.text) refers to defsig.o(CL$$defsig) for __default_signal_handler
    defsig_general.o(.text) refers to semihost_retarget.o(i._ttywrch) for _ttywrch
    defsig_fpe_inner.o(.text) refers to defsig_general.o(.text) for __default_signal_display
    libinit2.o(.ARM.Collect$$libinit$$0000000E) refers to libinit2.o(.ARM.Collect$$libinit$$0000000D) for .ARM.Collect$$libinit$$0000000D
    libinit2.o(.ARM.Collect$$libinit$$00000010) refers to libinit2.o(.ARM.Collect$$libinit$$0000000D) for .ARM.Collect$$libinit$$0000000D
    libinit2.o(.ARM.Collect$$libinit$$00000012) refers to libinit2.o(.ARM.Collect$$libinit$$0000000D) for .ARM.Collect$$libinit$$0000000D
    libinit2.o(.ARM.Collect$$libinit$$00000014) refers to libinit2.o(.ARM.Collect$$libinit$$0000000D) for .ARM.Collect$$libinit$$0000000D
    libinit2.o(.ARM.Collect$$libinit$$00000016) refers to libinit2.o(.ARM.Collect$$libinit$$0000000D) for .ARM.Collect$$libinit$$0000000D
    libinit2.o(.ARM.Collect$$libinit$$00000024) refers to argv_veneer.o(.text) for __ARM_argv_veneer
    libinit2.o(.ARM.Collect$$libinit$$00000025) refers to argv_veneer.o(.text) for __ARM_argv_veneer
    rtexit2.o(.ARM.Collect$$rtexit$$00000003) refers to libshutdown.o(.ARM.Collect$$libshutdown$$00000000) for __rt_lib_shutdown
    rtexit2.o(.ARM.Collect$$rtexit$$00000004) refers to sys_exit.o(.text) for _sys_exit
    rtexit2.o(.ARM.exidx) refers to rtexit2.o(.ARM.Collect$$rtexit$$00000001) for .ARM.Collect$$rtexit$$00000001
    rtexit2.o(.ARM.exidx) refers to rtexit2.o(.ARM.Collect$$rtexit$$00000003) for .ARM.Collect$$rtexit$$00000003
    rtexit2.o(.ARM.exidx) refers to rtexit2.o(.ARM.Collect$$rtexit$$00000004) for .ARM.Collect$$rtexit$$00000004
    defsig.o(CL$$defsig) refers to defsig_abrt_inner.o(.text) for __rt_SIGABRT_inner
    defsig.o(CL$$defsig) refers to defsig_fpe_inner.o(.text) for __rt_SIGFPE_inner
    defsig.o(CL$$defsig) refers to defsig_rtmem_inner.o(.text) for __rt_SIGRTMEM_inner
    defsig_rtred_inner.o(.text) refers to defsig_general.o(.text) for __default_signal_display
    defsig_rtmem_inner.o(.text) refers to defsig_general.o(.text) for __default_signal_display
    defsig_stak_inner.o(.text) refers to defsig_general.o(.text) for __default_signal_display
    defsig_pvfn_inner.o(.text) refers to defsig_general.o(.text) for __default_signal_display
    defsig_cppl_inner.o(.text) refers to defsig_general.o(.text) for __default_signal_display
    defsig_segv_inner.o(.text) refers to defsig_general.o(.text) for __default_signal_display
    defsig_other.o(.text) refers to defsig_general.o(.text) for __default_signal_display
    _get_argv_nomalloc.o(.text) refers (Special) to hrguard.o(.text) for __heap_region$guard
    _get_argv_nomalloc.o(.text) refers to defsig_rtmem_outer.o(.text) for __rt_SIGRTMEM
    _get_argv_nomalloc.o(.text) refers to sys_command.o(.text) for _sys_command_string
    libshutdown.o(.ARM.Collect$$libshutdown$$00000000) refers (Special) to libshutdown2.o(.ARM.Collect$$libshutdown$$00000006) for __rt_lib_shutdown_fp_trap_1
    libshutdown.o(.ARM.Collect$$libshutdown$$00000000) refers (Special) to libshutdown2.o(.ARM.Collect$$libshutdown$$0000000E) for __rt_lib_shutdown_heap_1
    libshutdown.o(.ARM.Collect$$libshutdown$$00000000) refers (Special) to libshutdown2.o(.ARM.Collect$$libshutdown$$0000000F) for __rt_lib_shutdown_return
    libshutdown.o(.ARM.Collect$$libshutdown$$00000000) refers (Special) to libshutdown2.o(.ARM.Collect$$libshutdown$$00000009) for __rt_lib_shutdown_signal_1
    libshutdown.o(.ARM.Collect$$libshutdown$$00000000) refers (Special) to libshutdown2.o(.ARM.Collect$$libshutdown$$00000003) for __rt_lib_shutdown_stdio_1
    libshutdown.o(.ARM.Collect$$libshutdown$$00000000) refers (Special) to libshutdown2.o(.ARM.Collect$$libshutdown$$0000000B) for __rt_lib_shutdown_user_alloc_1
    sys_command.o(.text) refers (Special) to use_no_semi.o(.text) for __I$use$semihosting
    sys_command.o(.text) refers (Special) to indicate_semi.o(.text) for __semihosting_library_function
    defsig_rtmem_outer.o(.text) refers to defsig_rtmem_inner.o(.text) for __rt_SIGRTMEM_inner
    defsig_rtmem_outer.o(.text) refers to defsig_exit.o(.text) for __sig_exit
    defsig_rtmem_formal.o(.text) refers to rt_raise.o(.text) for __rt_raise


==============================================================================

Removing Unused input sections from the image.

    Removing core_cm0.o(.emb_text), (32 bytes).
    Removing SOFTUART_softuart.o(i.SoftUART_Close), (176 bytes).
    Removing SOFTUART_softuart.o(i.SoftUART_GetChar), (48 bytes).
    Removing SOFTUART_softuart.o(i.SoftUART_GetVersion), (8 bytes).
    Removing SOFTUART_softuart.o(i.SoftUART_GpioIsr), (132 bytes).
    Removing SOFTUART_softuart.o(i.SoftUART_PutChar), (284 bytes).
    Removing SOFTUART_softuart.o(i.SoftUART_SpiIsr), (116 bytes).
    Removing DRVADC_drvadc.o(i.DrvADC_Close), (36 bytes).
    Removing DRVADC_drvadc.o(i.DrvADC_GetAveCalibrationValue), (12 bytes).
    Removing DRVADC_drvadc.o(i.DrvADC_GetVersion), (8 bytes).
    Removing DRVAPU_drvapu.o(i.DrvAPU_Close), (24 bytes).
    Removing DRVAPU_drvapu.o(i.DrvAPU_DisablePA), (16 bytes).
    Removing DRVAPU_drvapu.o(i.DrvAPU_DoRampCh0), (108 bytes).
    Removing DRVAPU_drvapu.o(i.DrvAPU_DoRampCh1), (76 bytes).
    Removing DRVAPU_drvapu.o(i.DrvAPU_EnablePA), (16 bytes).
    Removing DRVAPU_drvapu.o(i.DrvAPU_GetRampDownValue), (24 bytes).
    Removing DRVAPU_drvapu.o(i.DrvAPU_GetRampUpValue), (30 bytes).
    Removing DRVAPU_drvapu.o(i.DrvAPU_GetVersion), (8 bytes).
    Removing DRVAPU_drvapu.o(i.DrvAPU_Open), (56 bytes).
    Removing DRVAPU_drvapu.o(i.DrvAPU_SetApuData13bitCh1), (44 bytes).
    Removing DRVAPU_drvapu.o(i.DrvAPU_WaitRampDownCh0), (36 bytes).
    Removing DRVAPU_drvapu.o(i.DrvAPU_WaitRampDownCh1), (40 bytes).
    Removing DRVAPU_drvapu.o(i.DrvAPU_WaitRampUpAPUCh0), (28 bytes).
    Removing DRVAPU_drvapu.o(i.DrvAPU_WaitRampUpCh1), (32 bytes).
    Removing DRVAPU_drvapu.o(i.DrvSYS_ResetIP), (16 bytes).
    Removing DRVCLK_drvclk_f072.o(i.DrvCLK_DisableWakeUpInt), (28 bytes).
    Removing DRVCLK_drvclk_f072.o(i.DrvCLK_EnableWakeUpInt), (36 bytes).
    Removing DRVCLK_drvclk_f072.o(i.DrvCLK_GetClkPwm), (44 bytes).
    Removing DRVCLK_drvclk_f072.o(i.DrvCLK_GetClkSrcSPI0), (44 bytes).
    Removing DRVCLK_drvclk_f072.o(i.DrvCLK_GetClkTmrf), (44 bytes).
    Removing DRVCLK_drvclk_f072.o(i.DrvCLK_GetClkWdt), (56 bytes).
    Removing DRVCLK_drvclk_f072.o(i.DrvCLK_GetVersion), (8 bytes).
    Removing DRVSPI_drvspi_f072.o(i.DrvSPI_Close), (44 bytes).
    Removing DRVSPI_drvspi_f072.o(i.DrvSPI_DisableInt), (36 bytes).
    Removing DRVSPI_drvspi_f072.o(i.DrvSPI_EnableInt), (52 bytes).
    Removing DRVSPI_drvspi_f072.o(i.DrvSPI_GetVersion), (6 bytes).
    Removing DRVSPI_drvspi_f072.o(i.NVIC_DisableIRQ), (24 bytes).
    Removing DRVSYS_drvsys.o(i.DrvSYS_GetVersion), (8 bytes).
    Removing DRVTIMER_drvtimer.o(i.DrvCLK_GetClkTmr0), (20 bytes).
    Removing DRVTIMER_drvtimer.o(i.DrvCLK_GetClkTmr1), (20 bytes).
    Removing DRVTIMER_drvtimer.o(i.DrvTimer_CloseTmr0), (16 bytes).
    Removing DRVTIMER_drvtimer.o(i.DrvTimer_CloseTmr1), (28 bytes).
    Removing DRVTIMER_drvtimer.o(i.DrvTimer_GetVersion), (8 bytes).
    Removing DRVTIMER_drvtimer.o(i.DrvTimer_OpenTmr0), (40 bytes).
    Removing DRVTIMER_drvtimer.o(i.DrvTimer_OpenTmr1), (48 bytes).
    Removing DRVTIMER_drvtimer.o(i.DrvTimer_WaitMicrosecondTmr0), (56 bytes).
    Removing DRVTIMER_drvtimer.o(i.DrvTimer_WaitMicrosecondTmr1), (60 bytes).
    Removing DRVTIMER_drvtimer.o(i.DrvTimer_WaitMicrosecondTmr2), (56 bytes).
    Removing DRVTIMER_drvtimer.o(i.DrvTimer_WaitMillisecondTmr0), (56 bytes).
    Removing DRVTIMER_drvtimer.o(i.DrvTimer_WaitMillisecondTmr1), (60 bytes).
    Removing semihost_retarget.o(i.GetChar), (46 bytes).
    Removing semihost_retarget.o(i.SemiHost_GetVersion), (8 bytes).
    Removing semihost_retarget.o(i.ferror), (6 bytes).
    Removing semihost_retarget.o(i.fgetc), (8 bytes).
    Removing semihost_retarget.o(i.fputc), (10 bytes).
    Removing semihost_retarget.o(.data), (4 bytes).
    Removing semihost_retarget.o(.data), (4 bytes).

57 unused section(s) (total 2390 bytes) removed from the image.

==============================================================================

Image Symbol Table

    Local Symbols

    Symbol Name                              Value     Ov Type        Size  Object(Section)

    RESET                                    0x00000000   Section      124  startup_n572_isp.o(RESET)
    ../clib/angel/boardlib.s                 0x00000000   Number         0  boardinit3.o ABSOLUTE
    ../clib/angel/boardlib.s                 0x00000000   Number         0  boardinit2.o ABSOLUTE
    ../clib/angel/boardlib.s                 0x00000000   Number         0  boardinit1.o ABSOLUTE
    ../clib/angel/boardlib.s                 0x00000000   Number         0  boardshut.o ABSOLUTE
    ../clib/angel/handlers.s                 0x00000000   Number         0  __scatter_copy.o ABSOLUTE
    ../clib/angel/handlers.s                 0x00000000   Number         0  __scatter_zi.o ABSOLUTE
    ../clib/angel/kernel.s                   0x00000000   Number         0  rtentry.o ABSOLUTE
    ../clib/angel/kernel.s                   0x00000000   Number         0  rtentry2.o ABSOLUTE
    ../clib/angel/kernel.s                   0x00000000   Number         0  rtexit2.o ABSOLUTE
    ../clib/angel/kernel.s                   0x00000000   Number         0  rtentry4.o ABSOLUTE
    ../clib/angel/kernel.s                   0x00000000   Number         0  rtexit.o ABSOLUTE
    ../clib/angel/rt.s                       0x00000000   Number         0  rt_raise.o ABSOLUTE
    ../clib/angel/rt.s                       0x00000000   Number         0  aeabi_ldiv0.o ABSOLUTE
    ../clib/angel/rt.s                       0x00000000   Number         0  rt_div0.o ABSOLUTE
    ../clib/angel/rt.s                       0x00000000   Number         0  aeabi_ldiv0_sigfpe.o ABSOLUTE
    ../clib/angel/rt.s                       0x00000000   Number         0  aeabi_idiv0.o ABSOLUTE
    ../clib/angel/rt.s                       0x00000000   Number         0  aeabi_idiv0_sigfpe.o ABSOLUTE
    ../clib/angel/scatterp.s                 0x00000000   Number         0  __scatter.o ABSOLUTE
    ../clib/angel/startup.s                  0x00000000   Number         0  __main.o ABSOLUTE
    ../clib/angel/sys.s                      0x00000000   Number         0  indicate_semi.o ABSOLUTE
    ../clib/angel/sys.s                      0x00000000   Number         0  sys_stackheap_outer.o ABSOLUTE
    ../clib/angel/sys.s                      0x00000000   Number         0  use_no_semi.o ABSOLUTE
    ../clib/angel/sys.s                      0x00000000   Number         0  libspace.o ABSOLUTE
    ../clib/angel/sys.s                      0x00000000   Number         0  tempstk.o ABSOLUTE
    ../clib/angel/sysapp.c                   0x00000000   Number         0  sys_exit.o ABSOLUTE
    ../clib/angel/sysapp.c                   0x00000000   Number         0  sys_command.o ABSOLUTE
    ../clib/armsys.c                         0x00000000   Number         0  no_argv.o ABSOLUTE
    ../clib/armsys.c                         0x00000000   Number         0  _get_argv_nomalloc.o ABSOLUTE
    ../clib/armsys.c                         0x00000000   Number         0  argv_veneer.o ABSOLUTE
    ../clib/assert.c                         0x00000000   Number         0  assert_puts.o ABSOLUTE
    ../clib/assert.c                         0x00000000   Number         0  assert.o ABSOLUTE
    ../clib/division.c                       0x00000000   Number         0  llsdiv.o ABSOLUTE
    ../clib/division.c                       0x00000000   Number         0  lludiv.o ABSOLUTE
    ../clib/division.s                       0x00000000   Number         0  aeabi_sdivfast.o ABSOLUTE
    ../clib/division.s                       0x00000000   Number         0  aeabi_sdivfast_div0.o ABSOLUTE
    ../clib/heapalloc.c                      0x00000000   Number         0  hrguard.o ABSOLUTE
    ../clib/heapaux.c                        0x00000000   Number         0  heapauxi.o ABSOLUTE
    ../clib/libinit.s                        0x00000000   Number         0  libinit.o ABSOLUTE
    ../clib/libinit.s                        0x00000000   Number         0  libshutdown2.o ABSOLUTE
    ../clib/libinit.s                        0x00000000   Number         0  libinit2.o ABSOLUTE
    ../clib/libinit.s                        0x00000000   Number         0  libshutdown.o ABSOLUTE
    ../clib/longlong.c                       0x00000000   Number         0  llmul.o ABSOLUTE
    ../clib/memcpset.c                       0x00000000   Number         0  rt_memcpy.o ABSOLUTE
    ../clib/memcpset.c                       0x00000000   Number         0  rt_memcpy.o ABSOLUTE
    ../clib/signal.c                         0x00000000   Number         0  defsig_abrt_outer.o ABSOLUTE
    ../clib/signal.c                         0x00000000   Number         0  defsig_rtmem_formal.o ABSOLUTE
    ../clib/signal.c                         0x00000000   Number         0  defsig_rtmem_outer.o ABSOLUTE
    ../clib/signal.c                         0x00000000   Number         0  defsig_other.o ABSOLUTE
    ../clib/signal.c                         0x00000000   Number         0  defsig_segv_inner.o ABSOLUTE
    ../clib/signal.c                         0x00000000   Number         0  defsig_cppl_inner.o ABSOLUTE
    ../clib/signal.c                         0x00000000   Number         0  defsig_pvfn_inner.o ABSOLUTE
    ../clib/signal.c                         0x00000000   Number         0  defsig_stak_inner.o ABSOLUTE
    ../clib/signal.c                         0x00000000   Number         0  defsig_rtmem_inner.o ABSOLUTE
    ../clib/signal.c                         0x00000000   Number         0  defsig_rtred_inner.o ABSOLUTE
    ../clib/signal.c                         0x00000000   Number         0  defsig_fpe_inner.o ABSOLUTE
    ../clib/signal.c                         0x00000000   Number         0  defsig_general.o ABSOLUTE
    ../clib/signal.c                         0x00000000   Number         0  __raise.o ABSOLUTE
    ../clib/signal.c                         0x00000000   Number         0  defsig_fpe_formal.o ABSOLUTE
    ../clib/signal.c                         0x00000000   Number         0  defsig_fpe_outer.o ABSOLUTE
    ../clib/signal.c                         0x00000000   Number         0  defsig_abrt_inner.o ABSOLUTE
    ../clib/signal.c                         0x00000000   Number         0  defsig_exit.o ABSOLUTE
    ../clib/signal.c                         0x00000000   Number         0  defsig_abrt_formal.o ABSOLUTE
    ../clib/signal.s                         0x00000000   Number         0  defsig.o ABSOLUTE
    ../clib/stdlib.c                         0x00000000   Number         0  exit.o ABSOLUTE
    ../clib/stdlib.c                         0x00000000   Number         0  abort.o ABSOLUTE
    ../fplib/cfplib/fpinit.c                 0x00000000   Number         0  fpinit.o ABSOLUTE
    ..\Nuvoton\CMSIS\CM0\core_cm0.c          0x00000000   Number         0  core_cm0.o ABSOLUTE
    ..\Nuvoton\CMSIS\CM0\startup\arm\startup_N572_ISP.s 0x00000000   Number         0  startup_n572_isp.o ABSOLUTE
    ..\Nuvoton\HW\Include\SFR.c              0x00000000   Number         0  sfr.o ABSOLUTE
    ..\\Nuvoton\\CMSIS\\CM0\\core_cm0.c      0x00000000   Number         0  core_cm0.o ABSOLUTE
    DirDetect.c                              0x00000000   Number         0  dirdetect.o ABSOLUTE
    DrvADC.c                                 0x00000000   Number         0  DRVADC_drvadc.o ABSOLUTE
    DrvAPU.c                                 0x00000000   Number         0  DRVAPU_drvapu.o ABSOLUTE
    DrvCLK_F072.c                            0x00000000   Number         0  DRVCLK_drvclk_f072.o ABSOLUTE
    DrvSPI_F072.c                            0x00000000   Number         0  DRVSPI_drvspi_f072.o ABSOLUTE
    DrvSYS.c                                 0x00000000   Number         0  DRVSYS_drvsys.o ABSOLUTE
    DrvTimer.c                               0x00000000   Number         0  DRVTIMER_drvtimer.o ABSOLUTE
    Main.c                                   0x00000000   Number         0  main.o ABSOLUTE
    SemiHost_Retarget.c                      0x00000000   Number         0  semihost_retarget.o ABSOLUTE
    SemiHost_Startup_Keil.s                  0x00000000   Number         0  SemiHost_Startup_Keil.o ABSOLUTE
    SoftUART.c                               0x00000000   Number         0  SOFTUART_softuart.o ABSOLUTE
    Spi.c                                    0x00000000   Number         0  spi.o ABSOLUTE
    EXCEPTION                                0x0000007c   Section      204  startup_n572_isp.o(EXCEPTION)
    WDT_Wrapper                              0x0000009b   Thumb Code     6  startup_n572_isp.o(EXCEPTION)
    APU_Wrapper                              0x000000a1   Thumb Code     6  startup_n572_isp.o(EXCEPTION)
    ADC_Wrapper                              0x000000a7   Thumb Code     6  startup_n572_isp.o(EXCEPTION)
    EXINT_Wrapper                            0x000000ad   Thumb Code     6  startup_n572_isp.o(EXCEPTION)
    USB_Wrapper                              0x000000b3   Thumb Code     6  startup_n572_isp.o(EXCEPTION)
    TMR0_Wrapper                             0x000000b9   Thumb Code     6  startup_n572_isp.o(EXCEPTION)
    TMR1_Wrapper                             0x000000bf   Thumb Code     6  startup_n572_isp.o(EXCEPTION)
    TMR2_Wrapper                             0x000000c5   Thumb Code     6  startup_n572_isp.o(EXCEPTION)
    GPAB_Wrapper                             0x000000cb   Thumb Code     6  startup_n572_isp.o(EXCEPTION)
    SPI0_Wrapper                             0x000000d1   Thumb Code     6  startup_n572_isp.o(EXCEPTION)
    PWM0_Wrapper                             0x000000d7   Thumb Code     6  startup_n572_isp.o(EXCEPTION)
    SPI1_Wrapper                             0x000000dd   Thumb Code     6  startup_n572_isp.o(EXCEPTION)
    TMRF_Wrapper                             0x000000e3   Thumb Code     6  startup_n572_isp.o(EXCEPTION)
    RTC_Wrapper                              0x000000e9   Thumb Code     6  startup_n572_isp.o(EXCEPTION)
    PWRWU_Wrapper                            0x000000ef   Thumb Code     6  startup_n572_isp.o(EXCEPTION)
    JMPTABLE                                 0x00000200   Section        4  startup_n572_isp.o(JMPTABLE)
    !!!main                                  0x00000204   Section        8  __main.o(!!!main)
    !!!scatter                               0x0000020c   Section       60  __scatter.o(!!!scatter)
    !!handler_copy                           0x00000248   Section       26  __scatter_copy.o(!!handler_copy)
    !!handler_zi                             0x00000264   Section       28  __scatter_zi.o(!!handler_zi)
    .ARM.Collect$$libinit$$00000000          0x00000280   Section        2  libinit.o(.ARM.Collect$$libinit$$00000000)
    .ARM.Collect$$libinit$$00000001          0x00000282   Section        4  libinit2.o(.ARM.Collect$$libinit$$00000001)
    .ARM.Collect$$libinit$$00000008          0x00000286   Section        0  libinit2.o(.ARM.Collect$$libinit$$00000008)
    .ARM.Collect$$libinit$$0000000A          0x00000286   Section        0  libinit2.o(.ARM.Collect$$libinit$$0000000A)
    .ARM.Collect$$libinit$$0000000C          0x00000286   Section        0  libinit2.o(.ARM.Collect$$libinit$$0000000C)
    .ARM.Collect$$libinit$$0000000F          0x00000286   Section        0  libinit2.o(.ARM.Collect$$libinit$$0000000F)
    .ARM.Collect$$libinit$$00000011          0x00000286   Section        0  libinit2.o(.ARM.Collect$$libinit$$00000011)
    .ARM.Collect$$libinit$$00000013          0x00000286   Section        0  libinit2.o(.ARM.Collect$$libinit$$00000013)
    .ARM.Collect$$libinit$$00000015          0x00000286   Section        0  libinit2.o(.ARM.Collect$$libinit$$00000015)
    .ARM.Collect$$libinit$$00000017          0x00000286   Section        0  libinit2.o(.ARM.Collect$$libinit$$00000017)
    .ARM.Collect$$libinit$$00000019          0x00000286   Section        0  libinit2.o(.ARM.Collect$$libinit$$00000019)
    .ARM.Collect$$libinit$$0000001B          0x00000286   Section        0  libinit2.o(.ARM.Collect$$libinit$$0000001B)
    .ARM.Collect$$libinit$$0000001D          0x00000286   Section        0  libinit2.o(.ARM.Collect$$libinit$$0000001D)
    .ARM.Collect$$libinit$$0000001F          0x00000286   Section        0  libinit2.o(.ARM.Collect$$libinit$$0000001F)
    .ARM.Collect$$libinit$$00000021          0x00000286   Section        0  libinit2.o(.ARM.Collect$$libinit$$00000021)
    .ARM.Collect$$libinit$$00000023          0x00000286   Section        0  libinit2.o(.ARM.Collect$$libinit$$00000023)
    .ARM.Collect$$libinit$$0000002A          0x00000286   Section        0  libinit2.o(.ARM.Collect$$libinit$$0000002A)
    .ARM.Collect$$libinit$$0000002C          0x00000286   Section        0  libinit2.o(.ARM.Collect$$libinit$$0000002C)
    .ARM.Collect$$libinit$$0000002E          0x00000286   Section        0  libinit2.o(.ARM.Collect$$libinit$$0000002E)
    .ARM.Collect$$libinit$$00000030          0x00000286   Section        0  libinit2.o(.ARM.Collect$$libinit$$00000030)
    .ARM.Collect$$libinit$$00000031          0x00000286   Section        2  libinit2.o(.ARM.Collect$$libinit$$00000031)
    .ARM.Collect$$libshutdown$$00000000      0x00000288   Section        2  libshutdown.o(.ARM.Collect$$libshutdown$$00000000)
    .ARM.Collect$$libshutdown$$00000003      0x0000028a   Section        0  libshutdown2.o(.ARM.Collect$$libshutdown$$00000003)
    .ARM.Collect$$libshutdown$$00000006      0x0000028a   Section        0  libshutdown2.o(.ARM.Collect$$libshutdown$$00000006)
    .ARM.Collect$$libshutdown$$00000009      0x0000028a   Section        0  libshutdown2.o(.ARM.Collect$$libshutdown$$00000009)
    .ARM.Collect$$libshutdown$$0000000B      0x0000028a   Section        0  libshutdown2.o(.ARM.Collect$$libshutdown$$0000000B)
    .ARM.Collect$$libshutdown$$0000000E      0x0000028a   Section        0  libshutdown2.o(.ARM.Collect$$libshutdown$$0000000E)
    .ARM.Collect$$libshutdown$$0000000F      0x0000028a   Section        2  libshutdown2.o(.ARM.Collect$$libshutdown$$0000000F)
    .ARM.Collect$$rtentry$$00000000          0x0000028c   Section        0  rtentry.o(.ARM.Collect$$rtentry$$00000000)
    .ARM.Collect$$rtentry$$00000002          0x0000028c   Section        0  rtentry2.o(.ARM.Collect$$rtentry$$00000002)
    .ARM.Collect$$rtentry$$00000004          0x0000028c   Section        6  rtentry4.o(.ARM.Collect$$rtentry$$00000004)
    .ARM.Collect$$rtentry$$00000009          0x00000292   Section        0  rtentry2.o(.ARM.Collect$$rtentry$$00000009)
    .ARM.Collect$$rtentry$$0000000A          0x00000292   Section        4  rtentry2.o(.ARM.Collect$$rtentry$$0000000A)
    .ARM.Collect$$rtentry$$0000000C          0x00000296   Section        0  rtentry2.o(.ARM.Collect$$rtentry$$0000000C)
    .ARM.Collect$$rtentry$$0000000D          0x00000296   Section        8  rtentry2.o(.ARM.Collect$$rtentry$$0000000D)
    .ARM.Collect$$rtexit$$00000000           0x0000029e   Section        2  rtexit.o(.ARM.Collect$$rtexit$$00000000)
    .ARM.Collect$$rtexit$$00000002           0x000002a0   Section        0  rtexit2.o(.ARM.Collect$$rtexit$$00000002)
    .ARM.Collect$$rtexit$$00000003           0x000002a0   Section        4  rtexit2.o(.ARM.Collect$$rtexit$$00000003)
    .ARM.Collect$$rtexit$$00000004           0x000002a4   Section        6  rtexit2.o(.ARM.Collect$$rtexit$$00000004)
    .emb_text                                0x000002ac   Section       56  rt_memcpy.o(.emb_text)
    .text                                    0x000002e4   Section        0  main.o(.text)
    NVIC_SetPriority                         0x000002e5   Thumb Code   110  main.o(.text)
    DrvGPIO_SetIOMode                        0x00000497   Thumb Code     4  main.o(.text)
    SysClkConfigRC                           0x0000049b   Thumb Code   116  main.o(.text)
    .text                                    0x00000544   Section        0  dirdetect.o(.text)
    DrvADC_SetRegulatorRC                    0x00000545   Thumb Code    42  dirdetect.o(.text)
    SkipAdcUnstableInput                     0x0000072f   Thumb Code    36  dirdetect.o(.text)
    DrvADC_ClearAdcIntFlag                   0x00000eb7   Thumb Code    18  dirdetect.o(.text)
    DrvADC_GetConversionDataSigned           0x00000ec9   Thumb Code    12  dirdetect.o(.text)
    DrvADC_StartConvert                      0x00000ed5   Thumb Code    18  dirdetect.o(.text)
    DrvADC_StopConvert                       0x00000ee7   Thumb Code    16  dirdetect.o(.text)
    .text                                    0x00000f30   Section        0  spi.o(.text)
    DrvGPIO_GetInputPinValue                 0x0000102f   Thumb Code     8  spi.o(.text)
    DrvSPI_SetGo                             0x00001037   Thumb Code    16  spi.o(.text)
    DrvSPI_SingleWriteData0                  0x00001047   Thumb Code     4  spi.o(.text)
    .text                                    0x0000105c   Section        0  llmul.o(.text)
    .text                                    0x0000108c   Section        0  llsdiv.o(.text)
    .text                                    0x000010fc   Section        0  assert.o(.text)
    .text                                    0x00001178   Section      488  aeabi_sdivfast.o(.text)
    .text                                    0x00001360   Section        0  heapauxi.o(.text)
    .text                                    0x00001366   Section        0  lludiv.o(.text)
    .text                                    0x00001468   Section        0  abort.o(.text)
    .text                                    0x00001478   Section        0  assert_puts.o(.text)
    .text                                    0x0000148c   Section        0  sys_exit.o(.text)
    .text                                    0x00001498   Section        0  defsig_abrt_outer.o(.text)
    .text                                    0x000014a4   Section       68  SemiHost_Startup_Keil.o(.text)
    .text                                    0x000014e8   Section        2  use_no_semi.o(.text)
    .text                                    0x000014ea   Section       62  sys_stackheap_outer.o(.text)
    .text                                    0x000014ea   Section        0  indicate_semi.o(.text)
    .text                                    0x00001528   Section        0  exit.o(.text)
    .text                                    0x00001534   Section        0  defsig_exit.o(.text)
    .text                                    0x00001540   Section        0  defsig_abrt_inner.o(.text)
    .text                                    0x00001570   Section        8  libspace.o(.text)
    .text                                    0x00001578   Section        0  defsig_general.o(.text)
    STARTUP                                  0x000015ac   Section       36  startup_n572_isp.o(STARTUP)
    i.DrvADC_AnalysisAdcCalibration          0x000015d0   Section        0  DRVADC_drvadc.o(i.DrvADC_AnalysisAdcCalibration)
    i.DrvADC_ClearAdcIntFlag                 0x000016c4   Section        0  DRVADC_drvadc.o(i.DrvADC_ClearAdcIntFlag)
    DrvADC_ClearAdcIntFlag                   0x000016c5   Thumb Code    14  DRVADC_drvadc.o(i.DrvADC_ClearAdcIntFlag)
    i.DrvADC_GetConversionDataSigned         0x000016d8   Section        0  DRVADC_drvadc.o(i.DrvADC_GetConversionDataSigned)
    DrvADC_GetConversionDataSigned           0x000016d9   Thumb Code    10  DRVADC_drvadc.o(i.DrvADC_GetConversionDataSigned)
    i.DrvADC_Open                            0x000016e8   Section        0  DRVADC_drvadc.o(i.DrvADC_Open)
    i.DrvCLK_DisableApbDeviceClock           0x00001708   Section        0  DRVTIMER_drvtimer.o(i.DrvCLK_DisableApbDeviceClock)
    DrvCLK_DisableApbDeviceClock             0x00001709   Thumb Code    10  DRVTIMER_drvtimer.o(i.DrvCLK_DisableApbDeviceClock)
    i.DrvCLK_EnableApbDeviceClock            0x00001718   Section        0  DRVTIMER_drvtimer.o(i.DrvCLK_EnableApbDeviceClock)
    DrvCLK_EnableApbDeviceClock              0x00001719   Thumb Code    10  DRVTIMER_drvtimer.o(i.DrvCLK_EnableApbDeviceClock)
    i.DrvCLK_GetClkTmr2                      0x00001728   Section        0  DRVTIMER_drvtimer.o(i.DrvCLK_GetClkTmr2)
    DrvCLK_GetClkTmr2                        0x00001729   Thumb Code    16  DRVTIMER_drvtimer.o(i.DrvCLK_GetClkTmr2)
    i.DrvCLK_GetHclk                         0x0000173c   Section        0  DRVCLK_drvclk_f072.o(i.DrvCLK_GetHclk)
    i.DrvCLK_GetPLLOutput                    0x0000177c   Section        0  DRVCLK_drvclk_f072.o(i.DrvCLK_GetPLLOutput)
    i.DrvCLK_GetSrcClkAdc                    0x0000179c   Section        0  DRVCLK_drvclk_f072.o(i.DrvCLK_GetSrcClkAdc)
    i.DrvCLK_GetTimerClk                     0x000017c4   Section        0  DRVCLK_drvclk_f072.o(i.DrvCLK_GetTimerClk)
    i.DrvSPI_Open                            0x000017ec   Section        0  DRVSPI_drvspi_f072.o(i.DrvSPI_Open)
    i.DrvSYS_ResetIP                         0x0000184c   Section        0  DRVTIMER_drvtimer.o(i.DrvSYS_ResetIP)
    DrvSYS_ResetIP                           0x0000184d   Thumb Code    10  DRVTIMER_drvtimer.o(i.DrvSYS_ResetIP)
    i.DrvSYS_UnlockKeyReg                    0x0000185c   Section        0  DRVSYS_drvsys.o(i.DrvSYS_UnlockKeyReg)
    i.DrvTimer_CloseTmr2                     0x00001870   Section        0  DRVTIMER_drvtimer.o(i.DrvTimer_CloseTmr2)
    DrvTimer_CloseTmr2                       0x00001871   Thumb Code    16  DRVTIMER_drvtimer.o(i.DrvTimer_CloseTmr2)
    i.DrvTimer_OpenTmr2                      0x00001880   Section        0  DRVTIMER_drvtimer.o(i.DrvTimer_OpenTmr2)
    DrvTimer_OpenTmr2                        0x00001881   Thumb Code    34  DRVTIMER_drvtimer.o(i.DrvTimer_OpenTmr2)
    i.DrvTimer_WaitMillisecondTmr2           0x000018a8   Section        0  DRVTIMER_drvtimer.o(i.DrvTimer_WaitMillisecondTmr2)
    i.SendChar                               0x000018e0   Section        0  semihost_retarget.o(i.SendChar)
    i.SoftUART_Open                          0x00001918   Section        0  SOFTUART_softuart.o(i.SoftUART_Open)
    i._ttywrch                               0x00001af8   Section        0  semihost_retarget.o(i._ttywrch)
    .constdata                               0x00001b00   Section      336  dirdetect.o(.constdata)
    IRQTABLE                                 0x20000000   Section       84  startup_n572_isp.o(IRQTABLE)
    STACK                                    0x20000058   Section      768  startup_n572_isp.o(STACK)
    Stack_Mem                                0x20000058   Data         768  startup_n572_isp.o(STACK)
    .data                                    0x20000358   Section       76  dirdetect.o(.data)
    __initial_sp                             0x20000358   Data           0  startup_n572_isp.o(STACK)
    cry_thresholdA                           0x20000360   Data           4  dirdetect.o(.data)
    cry_thresholdB                           0x20000364   Data           4  dirdetect.o(.data)
    x                                        0x20000368   Data           2  dirdetect.o(.data)
    collect_samples                          0x2000036a   Data           2  dirdetect.o(.data)
    i                                        0x2000038c   Data           4  dirdetect.o(.data)
    k                                        0x20000390   Data           4  dirdetect.o(.data)
    j                                        0x20000394   Data           4  dirdetect.o(.data)
    filt_amp_ave_A                           0x20000398   Data           4  dirdetect.o(.data)
    filt_amp_ave_A_circ                      0x2000039c   Data           8  dirdetect.o(.data)
    .data                                    0x200003a4   Section        6  SOFTUART_softuart.o(.data)
    s_i8RxBufInIdx                           0x200003a4   Data           1  SOFTUART_softuart.o(.data)
    s_i8RxBufOutIdx                          0x200003a5   Data           1  SOFTUART_softuart.o(.data)
    s_u8TxNumTransBits                       0x200003a6   Data           1  SOFTUART_softuart.o(.data)
    s_u8RxNumTransBits                       0x200003a7   Data           1  SOFTUART_softuart.o(.data)
    s_u16RxDataMask                          0x200003a8   Data           2  SOFTUART_softuart.o(.data)
    .data                                    0x200003aa   Section        2  DRVADC_drvadc.o(.data)
    .data                                    0x200003ac   Section       12  DRVAPU_drvapu.o(.data)
    .data                                    0x200003b8   Section        1  semihost_retarget.o(.data)
    s_u8SemiBufLen                           0x200003b8   Data           1  semihost_retarget.o(.data)
    .bss                                     0x200003bc   Section     5720  dirdetect.o(.bss)
    ADC_Buf_A                                0x200003bc   Data        1400  dirdetect.o(.bss)
    ADC_Buf_B                                0x20000934   Data        1400  dirdetect.o(.bss)
    ADC_Buf_C                                0x20000eac   Data        1400  dirdetect.o(.bss)
    BP_Buf_A                                 0x20001424   Data        1400  dirdetect.o(.bss)
    filt_amp_ave_B_circ                      0x2000199c   Data         120  dirdetect.o(.bss)
    .bss                                     0x20001a14   Section      100  SOFTUART_softuart.o(.bss)
    s_sSoftUARTHandle                        0x20001a14   Data          36  SOFTUART_softuart.o(.bss)
    s_au8RxBuffer                            0x20001a38   Data          64  SOFTUART_softuart.o(.bss)
    .bss                                     0x20001a78   Section       16  semihost_retarget.o(.bss)
    s_au8SemiBuf                             0x20001a78   Data          16  semihost_retarget.o(.bss)
    .bss                                     0x20001a88   Section       96  libspace.o(.bss)
    HEAP                                     0x20001ae8   Section      256  startup_n572_isp.o(HEAP)
    Heap_Mem                                 0x20001ae8   Data         256  startup_n572_isp.o(HEAP)
    .ARM.__AT_0x40004000                     0x40004000   Section        4  sfr.o(.ARM.__AT_0x40004000)
    .ARM.__AT_0x40008000                     0x40008000   Section        4  sfr.o(.ARM.__AT_0x40008000)
    .ARM.__AT_0x40010000                     0x40010000   Section       16  sfr.o(.ARM.__AT_0x40010000)
    .ARM.__AT_0x40010020                     0x40010020   Section       16  sfr.o(.ARM.__AT_0x40010020)
    .ARM.__AT_0x40010030                     0x40010030   Section        4  sfr.o(.ARM.__AT_0x40010030)
    .ARM.__AT_0x40010034                     0x40010034   Section        4  sfr.o(.ARM.__AT_0x40010034)
    .ARM.__AT_0x40010040                     0x40010040   Section       16  sfr.o(.ARM.__AT_0x40010040)
    .ARM.__AT_0x40030000                     0x40030000   Section       52  sfr.o(.ARM.__AT_0x40030000)
    .ARM.__AT_0x40034000                     0x40034000   Section       52  sfr.o(.ARM.__AT_0x40034000)
    .ARM.__AT_0x40040000                     0x40040000   Section      128  sfr.o(.ARM.__AT_0x40040000)
    .ARM.__AT_0x400E0000                     0x400e0000   Section       68  sfr.o(.ARM.__AT_0x400E0000)
    .ARM.__AT_0x50000000                     0x50000000   Section      308  sfr.o(.ARM.__AT_0x50000000)
    .ARM.__AT_0x50000200                     0x50000200   Section       36  sfr.o(.ARM.__AT_0x50000200)
    .ARM.__AT_0x50000300                     0x50000300   Section      136  sfr.o(.ARM.__AT_0x50000300)
    .ARM.__AT_0x50004000                     0x50004000   Section       36  sfr.o(.ARM.__AT_0x50004000)
    .ARM.__AT_0x50004040                     0x50004040   Section       36  sfr.o(.ARM.__AT_0x50004040)
    .ARM.__AT_0x50008000                     0x50008000   Section       48  sfr.o(.ARM.__AT_0x50008000)
    .ARM.__AT_0x5000C000                     0x5000c000   Section       20  sfr.o(.ARM.__AT_0x5000C000)

    Global Symbols

    Symbol Name                              Value     Ov Type        Size  Object(Section)

    BuildAttributes$$THM_ISAv3M$S$PE$A:L22$X:L11$S22$IEEE1$IW$USESV6$~STKCKD$USESV7$~SHL$OTIME$ROPI$EBA8$UX$STANDARDLIB$REQ8$PRES8$EABIv2 0x00000000   Number         0  anon$$obj.o ABSOLUTE
    __ARM_use_no_argv                        0x00000000   Number         0  main.o ABSOLUTE
    __Vectors                                0x00000000   Data           4  startup_n572_isp.o(RESET)
    __ARM_exceptions_init                     - Undefined Weak Reference
    __alloca_initialize                       - Undefined Weak Reference
    __cpp_initialize__aeabi_                  - Undefined Weak Reference
    __cxa_finalize                            - Undefined Weak Reference
    __rt_locale                               - Undefined Weak Reference
    __sigvec_lookup                           - Undefined Weak Reference
    _atexit_init                              - Undefined Weak Reference
    _call_atexit_fns                          - Undefined Weak Reference
    _clock_init                               - Undefined Weak Reference
    _fp_trap_init                             - Undefined Weak Reference
    _fp_trap_shutdown                         - Undefined Weak Reference
    _get_lc_collate                           - Undefined Weak Reference
    _get_lc_ctype                             - Undefined Weak Reference
    _get_lc_monetary                          - Undefined Weak Reference
    _get_lc_numeric                           - Undefined Weak Reference
    _get_lc_time                              - Undefined Weak Reference
    _getenv_init                              - Undefined Weak Reference
    _handle_redirection                       - Undefined Weak Reference
    _init_alloc                               - Undefined Weak Reference
    _init_user_alloc                          - Undefined Weak Reference
    _initio                                   - Undefined Weak Reference
    _rand_init                                - Undefined Weak Reference
    _signal_finish                            - Undefined Weak Reference
    _signal_init                              - Undefined Weak Reference
    _terminate_alloc                          - Undefined Weak Reference
    _terminate_user_alloc                     - Undefined Weak Reference
    _terminateio                              - Undefined Weak Reference
    NMI_Wrapper                              0x0000007d   Thumb Code     6  startup_n572_isp.o(EXCEPTION)
    HardFault_Wrapper                        0x00000083   Thumb Code     6  startup_n572_isp.o(EXCEPTION)
    SVC_Wrapper                              0x00000089   Thumb Code     6  startup_n572_isp.o(EXCEPTION)
    PendSV_Wrapper                           0x0000008f   Thumb Code     6  startup_n572_isp.o(EXCEPTION)
    SysTick_Wrapper                          0x00000095   Thumb Code     6  startup_n572_isp.o(EXCEPTION)
    APU_IRQHandler                           0x000000f5   Thumb Code     0  startup_n572_isp.o(EXCEPTION)
    EXINT_IRQHandler                         0x000000f5   Thumb Code     0  startup_n572_isp.o(EXCEPTION)
    NMI_Handler                              0x000000f5   Thumb Code     0  startup_n572_isp.o(EXCEPTION)
    PWM0_IRQHandler                          0x000000f5   Thumb Code     0  startup_n572_isp.o(EXCEPTION)
    PWRWU_IRQHandler                         0x000000f5   Thumb Code     0  startup_n572_isp.o(EXCEPTION)
    PendSV_Handler                           0x000000f5   Thumb Code     0  startup_n572_isp.o(EXCEPTION)
    RTC_IRQHandler                           0x000000f5   Thumb Code     0  startup_n572_isp.o(EXCEPTION)
    SPI0_IRQHandler                          0x000000f5   Thumb Code     0  startup_n572_isp.o(EXCEPTION)
    SPI1_IRQHandler                          0x000000f5   Thumb Code     0  startup_n572_isp.o(EXCEPTION)
    SVC_Handler                              0x000000f5   Thumb Code     0  startup_n572_isp.o(EXCEPTION)
    SysTick_Handler                          0x000000f5   Thumb Code     0  startup_n572_isp.o(EXCEPTION)
    TMR0_IRQHandler                          0x000000f5   Thumb Code     0  startup_n572_isp.o(EXCEPTION)
    TMR1_IRQHandler                          0x000000f5   Thumb Code     0  startup_n572_isp.o(EXCEPTION)
    TMR2_IRQHandler                          0x000000f5   Thumb Code     0  startup_n572_isp.o(EXCEPTION)
    TMRF_IRQHandler                          0x000000f5   Thumb Code     0  startup_n572_isp.o(EXCEPTION)
    USB_IRQHandler                           0x000000f5   Thumb Code     0  startup_n572_isp.o(EXCEPTION)
    WDT_IRQHandler                           0x000000f5   Thumb Code     0  startup_n572_isp.o(EXCEPTION)
    appJumpAddress                           0x00000200   Data           4  startup_n572_isp.o(JMPTABLE)
    __main                                   0x00000205   Thumb Code     8  __main.o(!!!main)
    __scatterload                            0x0000020d   Thumb Code     0  __scatter.o(!!!scatter)
    __scatterload_rt2                        0x0000020d   Thumb Code    52  __scatter.o(!!!scatter)
    __scatterload_rt2_thumb_only             0x0000020d   Thumb Code     0  __scatter.o(!!!scatter)
    __scatterload_null                       0x0000021d   Thumb Code     0  __scatter.o(!!!scatter)
    __scatterload_copy                       0x00000249   Thumb Code    26  __scatter_copy.o(!!handler_copy)
    __scatterload_zeroinit                   0x00000265   Thumb Code    28  __scatter_zi.o(!!handler_zi)
    __rt_lib_init                            0x00000281   Thumb Code     0  libinit.o(.ARM.Collect$$libinit$$00000000)
    __rt_lib_init_fp_1                       0x00000283   Thumb Code     0  libinit2.o(.ARM.Collect$$libinit$$00000001)
    __rt_lib_init_alloca_1                   0x00000287   Thumb Code     0  libinit2.o(.ARM.Collect$$libinit$$0000002C)
    __rt_lib_init_argv_1                     0x00000287   Thumb Code     0  libinit2.o(.ARM.Collect$$libinit$$0000002A)
    __rt_lib_init_atexit_1                   0x00000287   Thumb Code     0  libinit2.o(.ARM.Collect$$libinit$$00000019)
    __rt_lib_init_clock_1                    0x00000287   Thumb Code     0  libinit2.o(.ARM.Collect$$libinit$$0000001F)
    __rt_lib_init_cpp_1                      0x00000287   Thumb Code     0  libinit2.o(.ARM.Collect$$libinit$$00000030)
    __rt_lib_init_exceptions_1               0x00000287   Thumb Code     0  libinit2.o(.ARM.Collect$$libinit$$0000002E)
    __rt_lib_init_fp_trap_1                  0x00000287   Thumb Code     0  libinit2.o(.ARM.Collect$$libinit$$0000001D)
    __rt_lib_init_getenv_1                   0x00000287   Thumb Code     0  libinit2.o(.ARM.Collect$$libinit$$00000021)
    __rt_lib_init_heap_1                     0x00000287   Thumb Code     0  libinit2.o(.ARM.Collect$$libinit$$00000008)
    __rt_lib_init_lc_collate_1               0x00000287   Thumb Code     0  libinit2.o(.ARM.Collect$$libinit$$0000000F)
    __rt_lib_init_lc_ctype_1                 0x00000287   Thumb Code     0  libinit2.o(.ARM.Collect$$libinit$$00000011)
    __rt_lib_init_lc_monetary_1              0x00000287   Thumb Code     0  libinit2.o(.ARM.Collect$$libinit$$00000013)
    __rt_lib_init_lc_numeric_1               0x00000287   Thumb Code     0  libinit2.o(.ARM.Collect$$libinit$$00000015)
    __rt_lib_init_lc_time_1                  0x00000287   Thumb Code     0  libinit2.o(.ARM.Collect$$libinit$$00000017)
    __rt_lib_init_rand_1                     0x00000287   Thumb Code     0  libinit2.o(.ARM.Collect$$libinit$$0000000C)
    __rt_lib_init_return                     0x00000287   Thumb Code     0  libinit2.o(.ARM.Collect$$libinit$$00000031)
    __rt_lib_init_signal_1                   0x00000287   Thumb Code     0  libinit2.o(.ARM.Collect$$libinit$$0000001B)
    __rt_lib_init_stdio_1                    0x00000287   Thumb Code     0  libinit2.o(.ARM.Collect$$libinit$$00000023)
    __rt_lib_init_user_alloc_1               0x00000287   Thumb Code     0  libinit2.o(.ARM.Collect$$libinit$$0000000A)
    __rt_lib_shutdown                        0x00000289   Thumb Code     0  libshutdown.o(.ARM.Collect$$libshutdown$$00000000)
    __rt_lib_shutdown_fp_trap_1              0x0000028b   Thumb Code     0  libshutdown2.o(.ARM.Collect$$libshutdown$$00000006)
    __rt_lib_shutdown_heap_1                 0x0000028b   Thumb Code     0  libshutdown2.o(.ARM.Collect$$libshutdown$$0000000E)
    __rt_lib_shutdown_return                 0x0000028b   Thumb Code     0  libshutdown2.o(.ARM.Collect$$libshutdown$$0000000F)
    __rt_lib_shutdown_signal_1               0x0000028b   Thumb Code     0  libshutdown2.o(.ARM.Collect$$libshutdown$$00000009)
    __rt_lib_shutdown_stdio_1                0x0000028b   Thumb Code     0  libshutdown2.o(.ARM.Collect$$libshutdown$$00000003)
    __rt_lib_shutdown_user_alloc_1           0x0000028b   Thumb Code     0  libshutdown2.o(.ARM.Collect$$libshutdown$$0000000B)
    __rt_entry                               0x0000028d   Thumb Code     0  rtentry.o(.ARM.Collect$$rtentry$$00000000)
    __rt_entry_presh_1                       0x0000028d   Thumb Code     0  rtentry2.o(.ARM.Collect$$rtentry$$00000002)
    __rt_entry_sh                            0x0000028d   Thumb Code     0  rtentry4.o(.ARM.Collect$$rtentry$$00000004)
    __rt_entry_li                            0x00000293   Thumb Code     0  rtentry2.o(.ARM.Collect$$rtentry$$0000000A)
    __rt_entry_postsh_1                      0x00000293   Thumb Code     0  rtentry2.o(.ARM.Collect$$rtentry$$00000009)
    __rt_entry_main                          0x00000297   Thumb Code     0  rtentry2.o(.ARM.Collect$$rtentry$$0000000D)
    __rt_entry_postli_1                      0x00000297   Thumb Code     0  rtentry2.o(.ARM.Collect$$rtentry$$0000000C)
    __rt_exit                                0x0000029f   Thumb Code     0  rtexit.o(.ARM.Collect$$rtexit$$00000000)
    __rt_exit_ls                             0x000002a1   Thumb Code     0  rtexit2.o(.ARM.Collect$$rtexit$$00000003)
    __rt_exit_prels_1                        0x000002a1   Thumb Code     0  rtexit2.o(.ARM.Collect$$rtexit$$00000002)
    __rt_exit_exit                           0x000002a5   Thumb Code     0  rtexit2.o(.ARM.Collect$$rtexit$$00000004)
    __aeabi_memcpy4                          0x000002ad   Thumb Code    56  rt_memcpy.o(.emb_text)
    __aeabi_memcpy8                          0x000002ad   Thumb Code     0  rt_memcpy.o(.emb_text)
    GPAB_IRQHandler                          0x00000353   Thumb Code    30  main.o(.text)
    adcClockInit                             0x00000371   Thumb Code    90  main.o(.text)
    clkInit                                  0x000003cb   Thumb Code    42  main.o(.text)
    priorityInit                             0x000003f5   Thumb Code    28  main.o(.text)
    gpioInit                                 0x00000411   Thumb Code    64  main.o(.text)
    uartInit                                 0x00000451   Thumb Code    42  main.o(.text)
    main                                     0x0000047b   Thumb Code    28  main.o(.text)
    circbuf_access                           0x0000056f   Thumb Code    64  dirdetect.o(.text)
    circbuf_push                             0x000005af   Thumb Code    46  dirdetect.o(.text)
    circbuf_init                             0x000005dd   Thumb Code    32  dirdetect.o(.text)
    ADC_IRQHandler                           0x000005fd   Thumb Code   306  dirdetect.o(.text)
    init_ADC                                 0x00000753   Thumb Code   304  dirdetect.o(.text)
    start_ADC                                0x00000883   Thumb Code    68  dirdetect.o(.text)
    find_phase                               0x000008c7   Thumb Code   238  dirdetect.o(.text)
    find_phase32                             0x000009b5   Thumb Code    96  dirdetect.o(.text)
    elliptic_filter                          0x00000a15   Thumb Code   766  dirdetect.o(.text)
    abs                                      0x00000d13   Thumb Code    14  dirdetect.o(.text)
    Do_Loop                                  0x00000d21   Thumb Code   358  dirdetect.o(.text)
    dirDetectInit                            0x00000e87   Thumb Code    48  dirdetect.o(.text)
    spiSlave_Init                            0x00000f31   Thumb Code   134  spi.o(.text)
    spiSlave_Write                           0x00000fb7   Thumb Code    20  spi.o(.text)
    read_and_write_SPI                       0x00000fcb   Thumb Code   100  spi.o(.text)
    __aeabi_lmul                             0x0000105d   Thumb Code    48  llmul.o(.text)
    _ll_mul                                  0x0000105d   Thumb Code     0  llmul.o(.text)
    __aeabi_ldivmod                          0x0000108d   Thumb Code   112  llsdiv.o(.text)
    _ll_sdiv                                 0x0000108d   Thumb Code     0  llsdiv.o(.text)
    __aeabi_assert                           0x000010fd   Thumb Code    82  assert.o(.text)
    __assert                                 0x000010fd   Thumb Code     0  assert.o(.text)
    __aeabi_uidiv                            0x00001179   Thumb Code     0  aeabi_sdivfast.o(.text)
    __aeabi_uidivmod                         0x00001179   Thumb Code    28  aeabi_sdivfast.o(.text)
    __aeabi_idiv                             0x00001195   Thumb Code     0  aeabi_sdivfast.o(.text)
    __aeabi_idivmod                          0x00001195   Thumb Code   460  aeabi_sdivfast.o(.text)
    __use_two_region_memory                  0x00001361   Thumb Code     2  heapauxi.o(.text)
    __rt_heap_escrow$2region                 0x00001363   Thumb Code     2  heapauxi.o(.text)
    __rt_heap_expand$2region                 0x00001365   Thumb Code     2  heapauxi.o(.text)
    __aeabi_uldivmod                         0x00001367   Thumb Code   258  lludiv.o(.text)
    _ll_udiv                                 0x00001367   Thumb Code     0  lludiv.o(.text)
    abort                                    0x00001469   Thumb Code    16  abort.o(.text)
    __assert_puts                            0x00001479   Thumb Code    20  assert_puts.o(.text)
    _sys_exit                                0x0000148d   Thumb Code     8  sys_exit.o(.text)
    __rt_SIGABRT                             0x00001499   Thumb Code    12  defsig_abrt_outer.o(.text)
    SemiHost_Init                            0x000014a5   Thumb Code    12  SemiHost_Startup_Keil.o(.text)
    SH_DoCommand                             0x000014b1   Thumb Code    18  SemiHost_Startup_Keil.o(.text)
    HardFault_Handler                        0x000014c3   Thumb Code    28  SemiHost_Startup_Keil.o(.text)
    __I$use$semihosting                      0x000014e9   Thumb Code     0  use_no_semi.o(.text)
    __use_no_semihosting_swi                 0x000014e9   Thumb Code     2  use_no_semi.o(.text)
    __semihosting_library_function           0x000014eb   Thumb Code     0  indicate_semi.o(.text)
    __user_setup_stackheap                   0x000014eb   Thumb Code    62  sys_stackheap_outer.o(.text)
    exit                                     0x00001529   Thumb Code    12  exit.o(.text)
    __sig_exit                               0x00001535   Thumb Code    12  defsig_exit.o(.text)
    __rt_SIGABRT_inner                       0x00001541   Thumb Code    14  defsig_abrt_inner.o(.text)
    __user_libspace                          0x00001571   Thumb Code     8  libspace.o(.text)
    __user_perproc_libspace                  0x00001571   Thumb Code     0  libspace.o(.text)
    __user_perthread_libspace                0x00001571   Thumb Code     0  libspace.o(.text)
    __default_signal_display                 0x00001579   Thumb Code    52  defsig_general.o(.text)
    Reset_Handler                            0x000015ad   Thumb Code     4  startup_n572_isp.o(STARTUP)
    __user_initial_stackheap                 0x000015b1   Thumb Code     0  startup_n572_isp.o(STARTUP)
    DrvADC_AnalysisAdcCalibration            0x000015d1   Thumb Code   228  DRVADC_drvadc.o(i.DrvADC_AnalysisAdcCalibration)
    DrvADC_Open                              0x000016e9   Thumb Code    22  DRVADC_drvadc.o(i.DrvADC_Open)
    DrvCLK_GetHclk                           0x0000173d   Thumb Code    52  DRVCLK_drvclk_f072.o(i.DrvCLK_GetHclk)
    DrvCLK_GetPLLOutput                      0x0000177d   Thumb Code    18  DRVCLK_drvclk_f072.o(i.DrvCLK_GetPLLOutput)
    DrvCLK_GetSrcClkAdc                      0x0000179d   Thumb Code    32  DRVCLK_drvclk_f072.o(i.DrvCLK_GetSrcClkAdc)
    DrvCLK_GetTimerClk                       0x000017c5   Thumb Code    34  DRVCLK_drvclk_f072.o(i.DrvCLK_GetTimerClk)
    DrvSPI_Open                              0x000017ed   Thumb Code    78  DRVSPI_drvspi_f072.o(i.DrvSPI_Open)
    DrvSYS_UnlockKeyReg                      0x0000185d   Thumb Code    16  DRVSYS_drvsys.o(i.DrvSYS_UnlockKeyReg)
    DrvTimer_WaitMillisecondTmr2             0x000018a9   Thumb Code    52  DRVTIMER_drvtimer.o(i.DrvTimer_WaitMillisecondTmr2)
    SendChar                                 0x000018e1   Thumb Code    48  semihost_retarget.o(i.SendChar)
    SoftUART_Open                            0x00001919   Thumb Code   416  SOFTUART_softuart.o(i.SoftUART_Open)
    _ttywrch                                 0x00001af9   Thumb Code     8  semihost_retarget.o(i._ttywrch)
    Region$$Table$$Base                      0x00001c50   Number         0  anon$$obj.o(Region$$Table)
    Region$$Table$$Limit                     0x00001c80   Number         0  anon$$obj.o(Region$$Table)
    HardFault_ISR                            0x20000004   Data           4  startup_n572_isp.o(IRQTABLE)
    SVC_ISR                                  0x20000008   Data           4  startup_n572_isp.o(IRQTABLE)
    PendSV_ISR                               0x2000000c   Data           4  startup_n572_isp.o(IRQTABLE)
    SysTick_ISR                              0x20000010   Data           4  startup_n572_isp.o(IRQTABLE)
    NMI_ISR                                  0x20000014   Data           4  startup_n572_isp.o(IRQTABLE)
    WDT_ISR                                  0x20000018   Data           4  startup_n572_isp.o(IRQTABLE)
    APU_ISR                                  0x2000001c   Data           4  startup_n572_isp.o(IRQTABLE)
    ADC_ISR                                  0x20000020   Data           4  startup_n572_isp.o(IRQTABLE)
    EXINT_ISR                                0x20000024   Data           4  startup_n572_isp.o(IRQTABLE)
    USB_ISR                                  0x20000028   Data           4  startup_n572_isp.o(IRQTABLE)
    TMR0_ISR                                 0x2000002c   Data           4  startup_n572_isp.o(IRQTABLE)
    TMR1_ISR                                 0x20000030   Data           4  startup_n572_isp.o(IRQTABLE)
    TMR2_ISR                                 0x20000034   Data           4  startup_n572_isp.o(IRQTABLE)
    GPAB_ISR                                 0x20000038   Data           4  startup_n572_isp.o(IRQTABLE)
    SPI0_ISR                                 0x2000003c   Data           4  startup_n572_isp.o(IRQTABLE)
    PWM0_ISR                                 0x20000040   Data           4  startup_n572_isp.o(IRQTABLE)
    SPI1_ISR                                 0x20000044   Data           4  startup_n572_isp.o(IRQTABLE)
    TMRF_ISR                                 0x20000048   Data           4  startup_n572_isp.o(IRQTABLE)
    RTC_ISR                                  0x2000004c   Data           4  startup_n572_isp.o(IRQTABLE)
    PWRWU_ISR                                0x20000050   Data           4  startup_n572_isp.o(IRQTABLE)
    audio_filter                             0x20000358   Data           2  dirdetect.o(.data)
    cry_volume                               0x2000035a   Data           2  dirdetect.o(.data)
    filt_amp_ave_B                           0x2000035c   Data           4  dirdetect.o(.data)
    Vol_Max                                  0x2000036c   Data           4  dirdetect.o(.data)
    vol_max_A                                0x20000370   Data           4  dirdetect.o(.data)
    vol_max_B                                0x20000374   Data           4  dirdetect.o(.data)
    vol_max_C                                0x20000378   Data           4  dirdetect.o(.data)
    Vol_Min                                  0x2000037c   Data           4  dirdetect.o(.data)
    vol_min_A                                0x20000380   Data           4  dirdetect.o(.data)
    vol_min_B                                0x20000384   Data           4  dirdetect.o(.data)
    vol_min_C                                0x20000388   Data           4  dirdetect.o(.data)
    g_i16AveCalibrationValue                 0x200003aa   Data           2  DRVADC_drvadc.o(.data)
    g_eRampCh0                               0x200003ac   Data           1  DRVAPU_drvapu.o(.data)
    g_eRampCh1                               0x200003ad   Data           1  DRVAPU_drvapu.o(.data)
    g_i16DCBiasSW                            0x200003ae   Data           2  DRVAPU_drvapu.o(.data)
    g_i16ApuDataCh0                          0x200003b0   Data           2  DRVAPU_drvapu.o(.data)
    g_i16ApuRampDataCh0                      0x200003b2   Data           2  DRVAPU_drvapu.o(.data)
    g_i16ApuDataCh1                          0x200003b4   Data           2  DRVAPU_drvapu.o(.data)
    g_i16ApuRampDataCh1                      0x200003b6   Data           2  DRVAPU_drvapu.o(.data)
    __libspace_start                         0x20001a88   Data          96  libspace.o(.bss)
    __temporary_stack_top$libspace           0x20001ae8   Data           0  libspace.o(.bss)
    WDT                                      0x40004000   Data           4  sfr.o(.ARM.__AT_0x40004000)
    RTC                                      0x40008000   Data           4  sfr.o(.ARM.__AT_0x40008000)
    TMR0                                     0x40010000   Data          16  sfr.o(.ARM.__AT_0x40010000)
    TMR1                                     0x40010020   Data          16  sfr.o(.ARM.__AT_0x40010020)
    TMRF                                     0x40010030   Data           4  sfr.o(.ARM.__AT_0x40010030)
    TMRIR                                    0x40010034   Data           4  sfr.o(.ARM.__AT_0x40010034)
    TMR2                                     0x40010040   Data          16  sfr.o(.ARM.__AT_0x40010040)
    SPI0                                     0x40030000   Data          52  sfr.o(.ARM.__AT_0x40030000)
    SPI1                                     0x40034000   Data          52  sfr.o(.ARM.__AT_0x40034000)
    PWM                                      0x40040000   Data         128  sfr.o(.ARM.__AT_0x40040000)
    ADC                                      0x400e0000   Data          68  sfr.o(.ARM.__AT_0x400E0000)
    SYS                                      0x50000000   Data         308  sfr.o(.ARM.__AT_0x50000000)
    CLK                                      0x50000200   Data          36  sfr.o(.ARM.__AT_0x50000200)
    SYSINT                                   0x50000300   Data         136  sfr.o(.ARM.__AT_0x50000300)
    GPIOA                                    0x50004000   Data          36  sfr.o(.ARM.__AT_0x50004000)
    GPIOB                                    0x50004040   Data          36  sfr.o(.ARM.__AT_0x50004040)
    APU                                      0x50008000   Data          48  sfr.o(.ARM.__AT_0x50008000)
    FMC                                      0x5000c000   Data          20  sfr.o(.ARM.__AT_0x5000C000)



==============================================================================

Memory Map of the image

  Image Entry point : 0x000015ad

  Load Region LOAD_ROM (Base: 0x00000000, Size: 0x00001d38, Max: 0x00012000, ABSOLUTE)

    Execution Region _RESET (Base: 0x00000000, Size: 0x00000148, Max: 0xffffffff, ABSOLUTE)

    Base Addr    Size         Type   Attr      Idx    E Section Name        Object

    0x00000000   0x0000007c   Data   RO          333    RESET               startup_n572_isp.o
    0x0000007c   0x000000cc   Code   RO          334    EXCEPTION           startup_n572_isp.o


    Execution Region _JMPTABLE (Base: 0x00000200, Size: 0x00000004, Max: 0xffffffff, ABSOLUTE, FIXED)

    Base Addr    Size         Type   Attr      Idx    E Section Name        Object

    0x00000200   0x00000004   Data   RO          337    JMPTABLE            startup_n572_isp.o


    Execution Region _CODE (Base: 0x00000204, Size: 0x00001a7c, Max: 0xffffffff, ABSOLUTE)

    Base Addr    Size         Type   Attr      Idx    E Section Name        Object

    0x00000204   0x00000008   Code   RO         1224  * !!!main             c_p.l(__main.o)
    0x0000020c   0x0000003c   Code   RO         1531    !!!scatter          c_p.l(__scatter.o)
    0x00000248   0x0000001a   Code   RO         1533    !!handler_copy      c_p.l(__scatter_copy.o)
    0x00000262   0x00000002   PAD
    0x00000264   0x0000001c   Code   RO         1535    !!handler_zi        c_p.l(__scatter_zi.o)
    0x00000280   0x00000002   Code   RO         1416    .ARM.Collect$$libinit$$00000000  c_p.l(libinit.o)
    0x00000282   0x00000004   Code   RO         1429    .ARM.Collect$$libinit$$00000001  c_p.l(libinit2.o)
    0x00000286   0x00000000   Code   RO         1433    .ARM.Collect$$libinit$$00000008  c_p.l(libinit2.o)
    0x00000286   0x00000000   Code   RO         1435    .ARM.Collect$$libinit$$0000000A  c_p.l(libinit2.o)
    0x00000286   0x00000000   Code   RO         1437    .ARM.Collect$$libinit$$0000000C  c_p.l(libinit2.o)
    0x00000286   0x00000000   Code   RO         1440    .ARM.Collect$$libinit$$0000000F  c_p.l(libinit2.o)
    0x00000286   0x00000000   Code   RO         1442    .ARM.Collect$$libinit$$00000011  c_p.l(libinit2.o)
    0x00000286   0x00000000   Code   RO         1444    .ARM.Collect$$libinit$$00000013  c_p.l(libinit2.o)
    0x00000286   0x00000000   Code   RO         1446    .ARM.Collect$$libinit$$00000015  c_p.l(libinit2.o)
    0x00000286   0x00000000   Code   RO         1448    .ARM.Collect$$libinit$$00000017  c_p.l(libinit2.o)
    0x00000286   0x00000000   Code   RO         1450    .ARM.Collect$$libinit$$00000019  c_p.l(libinit2.o)
    0x00000286   0x00000000   Code   RO         1452    .ARM.Collect$$libinit$$0000001B  c_p.l(libinit2.o)
    0x00000286   0x00000000   Code   RO         1454    .ARM.Collect$$libinit$$0000001D  c_p.l(libinit2.o)
    0x00000286   0x00000000   Code   RO         1456    .ARM.Collect$$libinit$$0000001F  c_p.l(libinit2.o)
    0x00000286   0x00000000   Code   RO         1458    .ARM.Collect$$libinit$$00000021  c_p.l(libinit2.o)
    0x00000286   0x00000000   Code   RO         1460    .ARM.Collect$$libinit$$00000023  c_p.l(libinit2.o)
    0x00000286   0x00000000   Code   RO         1464    .ARM.Collect$$libinit$$0000002A  c_p.l(libinit2.o)
    0x00000286   0x00000000   Code   RO         1466    .ARM.Collect$$libinit$$0000002C  c_p.l(libinit2.o)
    0x00000286   0x00000000   Code   RO         1468    .ARM.Collect$$libinit$$0000002E  c_p.l(libinit2.o)
    0x00000286   0x00000000   Code   RO         1470    .ARM.Collect$$libinit$$00000030  c_p.l(libinit2.o)
    0x00000286   0x00000002   Code   RO         1471    .ARM.Collect$$libinit$$00000031  c_p.l(libinit2.o)
    0x00000288   0x00000002   Code   RO         1505    .ARM.Collect$$libshutdown$$00000000  c_p.l(libshutdown.o)
    0x0000028a   0x00000000   Code   RO         1516    .ARM.Collect$$libshutdown$$00000003  c_p.l(libshutdown2.o)
    0x0000028a   0x00000000   Code   RO         1519    .ARM.Collect$$libshutdown$$00000006  c_p.l(libshutdown2.o)
    0x0000028a   0x00000000   Code   RO         1522    .ARM.Collect$$libshutdown$$00000009  c_p.l(libshutdown2.o)
    0x0000028a   0x00000000   Code   RO         1524    .ARM.Collect$$libshutdown$$0000000B  c_p.l(libshutdown2.o)
    0x0000028a   0x00000000   Code   RO         1527    .ARM.Collect$$libshutdown$$0000000E  c_p.l(libshutdown2.o)
    0x0000028a   0x00000002   Code   RO         1528    .ARM.Collect$$libshutdown$$0000000F  c_p.l(libshutdown2.o)
    0x0000028c   0x00000000   Code   RO         1226    .ARM.Collect$$rtentry$$00000000  c_p.l(rtentry.o)
    0x0000028c   0x00000000   Code   RO         1365    .ARM.Collect$$rtentry$$00000002  c_p.l(rtentry2.o)
    0x0000028c   0x00000006   Code   RO         1377    .ARM.Collect$$rtentry$$00000004  c_p.l(rtentry4.o)
    0x00000292   0x00000000   Code   RO         1367    .ARM.Collect$$rtentry$$00000009  c_p.l(rtentry2.o)
    0x00000292   0x00000004   Code   RO         1368    .ARM.Collect$$rtentry$$0000000A  c_p.l(rtentry2.o)
    0x00000296   0x00000000   Code   RO         1370    .ARM.Collect$$rtentry$$0000000C  c_p.l(rtentry2.o)
    0x00000296   0x00000008   Code   RO         1371    .ARM.Collect$$rtentry$$0000000D  c_p.l(rtentry2.o)
    0x0000029e   0x00000002   Code   RO         1421    .ARM.Collect$$rtexit$$00000000  c_p.l(rtexit.o)
    0x000002a0   0x00000000   Code   RO         1473    .ARM.Collect$$rtexit$$00000002  c_p.l(rtexit2.o)
    0x000002a0   0x00000004   Code   RO         1474    .ARM.Collect$$rtexit$$00000003  c_p.l(rtexit2.o)
    0x000002a4   0x00000006   Code   RO         1475    .ARM.Collect$$rtexit$$00000004  c_p.l(rtexit2.o)
    0x000002aa   0x00000002   PAD
    0x000002ac   0x00000038   Code   RO         1214    .emb_text           c_p.l(rt_memcpy.o)
    0x000002e4   0x00000260   Code   RO           77    .text               main.o
    0x00000544   0x000009ec   Code   RO          198    .text               dirdetect.o
    0x00000f30   0x0000012c   Code   RO          274    .text               spi.o
    0x0000105c   0x00000030   Code   RO         1208    .text               c_p.l(llmul.o)
    0x0000108c   0x00000070   Code   RO         1210    .text               c_p.l(llsdiv.o)
    0x000010fc   0x0000007c   Code   RO         1212    .text               c_p.l(assert.o)
    0x00001178   0x000001e8   Code   RO         1218    .text               c_p.l(aeabi_sdivfast.o)
    0x00001360   0x00000006   Code   RO         1222    .text               c_p.l(heapauxi.o)
    0x00001366   0x00000102   Code   RO         1231    .text               c_p.l(lludiv.o)
    0x00001468   0x00000010   Code   RO         1233    .text               c_p.l(abort.o)
    0x00001478   0x00000014   Code   RO         1235    .text               c_p.l(assert_puts.o)
    0x0000148c   0x0000000c   Code   RO         1362    .text               c_p.l(sys_exit.o)
    0x00001498   0x0000000c   Code   RO         1385    .text               c_p.l(defsig_abrt_outer.o)
    0x000014a4   0x00000044   Code   RO         1389    .text               SemiHost_Keil.lib(SemiHost_Startup_Keil.o)
    0x000014e8   0x00000002   Code   RO         1393    .text               c_p.l(use_no_semi.o)
    0x000014ea   0x00000000   Code   RO         1395    .text               c_p.l(indicate_semi.o)
    0x000014ea   0x0000003e   Code   RO         1396    .text               c_p.l(sys_stackheap_outer.o)
    0x00001528   0x0000000c   Code   RO         1401    .text               c_p.l(exit.o)
    0x00001534   0x0000000c   Code   RO         1403    .text               c_p.l(defsig_exit.o)
    0x00001540   0x00000030   Code   RO         1405    .text               c_p.l(defsig_abrt_inner.o)
    0x00001570   0x00000008   Code   RO         1417    .text               c_p.l(libspace.o)
    0x00001578   0x00000034   Code   RO         1425    .text               c_p.l(defsig_general.o)
    0x000015ac   0x00000024   Code   RO          335  * STARTUP             startup_n572_isp.o
    0x000015d0   0x000000f4   Code   RO          360    i.DrvADC_AnalysisAdcCalibration  Driver_F072_keil.lib(DRVADC_drvadc.o)
    0x000016c4   0x00000014   Code   RO          361    i.DrvADC_ClearAdcIntFlag  Driver_F072_keil.lib(DRVADC_drvadc.o)
    0x000016d8   0x00000010   Code   RO          364    i.DrvADC_GetConversionDataSigned  Driver_F072_keil.lib(DRVADC_drvadc.o)
    0x000016e8   0x00000020   Code   RO          366    i.DrvADC_Open       Driver_F072_keil.lib(DRVADC_drvadc.o)
    0x00001708   0x00000010   Code   RO         1024    i.DrvCLK_DisableApbDeviceClock  Driver_F072_keil.lib(DRVTIMER_drvtimer.o)
    0x00001718   0x00000010   Code   RO         1025    i.DrvCLK_EnableApbDeviceClock  Driver_F072_keil.lib(DRVTIMER_drvtimer.o)
    0x00001728   0x00000014   Code   RO         1028    i.DrvCLK_GetClkTmr2  Driver_F072_keil.lib(DRVTIMER_drvtimer.o)
    0x0000173c   0x00000040   Code   RO          676    i.DrvCLK_GetHclk    Driver_F072_keil.lib(DRVCLK_drvclk_f072.o)
    0x0000177c   0x00000020   Code   RO          677    i.DrvCLK_GetPLLOutput  Driver_F072_keil.lib(DRVCLK_drvclk_f072.o)
    0x0000179c   0x00000028   Code   RO          678    i.DrvCLK_GetSrcClkAdc  Driver_F072_keil.lib(DRVCLK_drvclk_f072.o)
    0x000017c4   0x00000028   Code   RO          679    i.DrvCLK_GetTimerClk  Driver_F072_keil.lib(DRVCLK_drvclk_f072.o)
    0x000017ec   0x00000060   Code   RO          816    i.DrvSPI_Open       Driver_F072_keil.lib(DRVSPI_drvspi_f072.o)
    0x0000184c   0x00000010   Code   RO         1029    i.DrvSYS_ResetIP    Driver_F072_keil.lib(DRVTIMER_drvtimer.o)
    0x0000185c   0x00000014   Code   RO          933    i.DrvSYS_UnlockKeyReg  Driver_F072_keil.lib(DRVSYS_drvsys.o)
    0x00001870   0x00000010   Code   RO         1032    i.DrvTimer_CloseTmr2  Driver_F072_keil.lib(DRVTIMER_drvtimer.o)
    0x00001880   0x00000028   Code   RO         1036    i.DrvTimer_OpenTmr2  Driver_F072_keil.lib(DRVTIMER_drvtimer.o)
    0x000018a8   0x00000038   Code   RO         1042    i.DrvTimer_WaitMillisecondTmr2  Driver_F072_keil.lib(DRVTIMER_drvtimer.o)
    0x000018e0   0x00000038   Code   RO         1239    i.SendChar          SemiHost_Keil.lib(semihost_retarget.o)
    0x00001918   0x000001e0   Code   RO          348    i.SoftUART_Open     SDK_F072_Keil.lib(SOFTUART_softuart.o)
    0x00001af8   0x00000008   Code   RO         1240    i._ttywrch          SemiHost_Keil.lib(semihost_retarget.o)
    0x00001b00   0x00000150   Data   RO          200    .constdata          dirdetect.o
    0x00001c50   0x00000030   Data   RO         1529    Region$$Table       anon$$obj.o


    Execution Region _IRQTABLE (Base: 0x20000000, Size: 0x00000054, Max: 0xffffffff, ABSOLUTE)

    Base Addr    Size         Type   Attr      Idx    E Section Name        Object

    0x20000000   0x00000054   Data   RW          336    IRQTABLE            startup_n572_isp.o


    Execution Region _STACK (Base: 0x20000054, Size: 0x00000304, Max: 0xffffffff, ABSOLUTE, UNINIT)

    Base Addr    Size         Type   Attr      Idx    E Section Name        Object

    0x20000054   0x00000004   PAD
    0x20000058   0x00000300   Zero   RW          331    STACK               startup_n572_isp.o


    Execution Region _SRAM (Base: 0x20000358, Size: 0x00001890, Max: 0xffffffff, ABSOLUTE)

    Base Addr    Size         Type   Attr      Idx    E Section Name        Object

    0x20000358   0x0000004c   Data   RW          201    .data               dirdetect.o
    0x200003a4   0x00000006   Data   RW          352    .data               SDK_F072_Keil.lib(SOFTUART_softuart.o)
    0x200003aa   0x00000002   Data   RW          367    .data               Driver_F072_keil.lib(DRVADC_drvadc.o)
    0x200003ac   0x0000000c   Data   RW          509    .data               Driver_F072_keil.lib(DRVAPU_drvapu.o)
    0x200003b8   0x00000001   Data   RW         1245    .data               SemiHost_Keil.lib(semihost_retarget.o)
    0x200003b9   0x00000003   PAD
    0x200003bc   0x00001658   Zero   RW          199    .bss                dirdetect.o
    0x20001a14   0x00000064   Zero   RW          351    .bss                SDK_F072_Keil.lib(SOFTUART_softuart.o)
    0x20001a78   0x00000010   Zero   RW         1244    .bss                SemiHost_Keil.lib(semihost_retarget.o)
    0x20001a88   0x00000060   Zero   RW         1418    .bss                c_p.l(libspace.o)
    0x20001ae8   0x00000100   Zero   RW          332    HEAP                startup_n572_isp.o



  Load Region LR$$.ARM.__AT_0x40004000 (Base: 0x40004000, Size: 0x00000000, Max: 0x00000004, ABSOLUTE)

    Execution Region ER$$.ARM.__AT_0x40004000 (Base: 0x40004000, Size: 0x00000004, Max: 0x00000004, ABSOLUTE, UNINIT)

    Base Addr    Size         Type   Attr      Idx    E Section Name        Object

    0x40004000   0x00000004   Zero   RW            1    .ARM.__AT_0x40004000  sfr.o



  Load Region LR$$.ARM.__AT_0x40008000 (Base: 0x40008000, Size: 0x00000000, Max: 0x00000004, ABSOLUTE)

    Execution Region ER$$.ARM.__AT_0x40008000 (Base: 0x40008000, Size: 0x00000004, Max: 0x00000004, ABSOLUTE, UNINIT)

    Base Addr    Size         Type   Attr      Idx    E Section Name        Object

    0x40008000   0x00000004   Zero   RW            2    .ARM.__AT_0x40008000  sfr.o



  Load Region LR$$.ARM.__AT_0x40010000 (Base: 0x40010000, Size: 0x00000000, Max: 0x00000010, ABSOLUTE)

    Execution Region ER$$.ARM.__AT_0x40010000 (Base: 0x40010000, Size: 0x00000010, Max: 0x00000010, ABSOLUTE, UNINIT)

    Base Addr    Size         Type   Attr      Idx    E Section Name        Object

    0x40010000   0x00000010   Zero   RW            3    .ARM.__AT_0x40010000  sfr.o



  Load Region LR$$.ARM.__AT_0x40010020 (Base: 0x40010020, Size: 0x00000000, Max: 0x00000010, ABSOLUTE)

    Execution Region ER$$.ARM.__AT_0x40010020 (Base: 0x40010020, Size: 0x00000010, Max: 0x00000010, ABSOLUTE, UNINIT)

    Base Addr    Size         Type   Attr      Idx    E Section Name        Object

    0x40010020   0x00000010   Zero   RW            4    .ARM.__AT_0x40010020  sfr.o



  Load Region LR$$.ARM.__AT_0x40010030 (Base: 0x40010030, Size: 0x00000000, Max: 0x00000004, ABSOLUTE)

    Execution Region ER$$.ARM.__AT_0x40010030 (Base: 0x40010030, Size: 0x00000004, Max: 0x00000004, ABSOLUTE, UNINIT)

    Base Addr    Size         Type   Attr      Idx    E Section Name        Object

    0x40010030   0x00000004   Zero   RW            5    .ARM.__AT_0x40010030  sfr.o



  Load Region LR$$.ARM.__AT_0x40010034 (Base: 0x40010034, Size: 0x00000000, Max: 0x00000004, ABSOLUTE)

    Execution Region ER$$.ARM.__AT_0x40010034 (Base: 0x40010034, Size: 0x00000004, Max: 0x00000004, ABSOLUTE, UNINIT)

    Base Addr    Size         Type   Attr      Idx    E Section Name        Object

    0x40010034   0x00000004   Zero   RW            6    .ARM.__AT_0x40010034  sfr.o



  Load Region LR$$.ARM.__AT_0x40010040 (Base: 0x40010040, Size: 0x00000000, Max: 0x00000010, ABSOLUTE)

    Execution Region ER$$.ARM.__AT_0x40010040 (Base: 0x40010040, Size: 0x00000010, Max: 0x00000010, ABSOLUTE, UNINIT)

    Base Addr    Size         Type   Attr      Idx    E Section Name        Object

    0x40010040   0x00000010   Zero   RW            7    .ARM.__AT_0x40010040  sfr.o



  Load Region LR$$.ARM.__AT_0x40030000 (Base: 0x40030000, Size: 0x00000000, Max: 0x00000034, ABSOLUTE)

    Execution Region ER$$.ARM.__AT_0x40030000 (Base: 0x40030000, Size: 0x00000034, Max: 0x00000034, ABSOLUTE, UNINIT)

    Base Addr    Size         Type   Attr      Idx    E Section Name        Object

    0x40030000   0x00000034   Zero   RW            8    .ARM.__AT_0x40030000  sfr.o



  Load Region LR$$.ARM.__AT_0x40034000 (Base: 0x40034000, Size: 0x00000000, Max: 0x00000034, ABSOLUTE)

    Execution Region ER$$.ARM.__AT_0x40034000 (Base: 0x40034000, Size: 0x00000034, Max: 0x00000034, ABSOLUTE, UNINIT)

    Base Addr    Size         Type   Attr      Idx    E Section Name        Object

    0x40034000   0x00000034   Zero   RW            9    .ARM.__AT_0x40034000  sfr.o



  Load Region LR$$.ARM.__AT_0x40040000 (Base: 0x40040000, Size: 0x00000000, Max: 0x00000080, ABSOLUTE)

    Execution Region ER$$.ARM.__AT_0x40040000 (Base: 0x40040000, Size: 0x00000080, Max: 0x00000080, ABSOLUTE, UNINIT)

    Base Addr    Size         Type   Attr      Idx    E Section Name        Object

    0x40040000   0x00000080   Zero   RW           10    .ARM.__AT_0x40040000  sfr.o



  Load Region LR$$.ARM.__AT_0x400E0000 (Base: 0x400e0000, Size: 0x00000000, Max: 0x00000044, ABSOLUTE)

    Execution Region ER$$.ARM.__AT_0x400E0000 (Base: 0x400e0000, Size: 0x00000044, Max: 0x00000044, ABSOLUTE, UNINIT)

    Base Addr    Size         Type   Attr      Idx    E Section Name        Object

    0x400e0000   0x00000044   Zero   RW           11    .ARM.__AT_0x400E0000  sfr.o



  Load Region LR$$.ARM.__AT_0x50000000 (Base: 0x50000000, Size: 0x00000000, Max: 0x00000134, ABSOLUTE)

    Execution Region ER$$.ARM.__AT_0x50000000 (Base: 0x50000000, Size: 0x00000134, Max: 0x00000134, ABSOLUTE, UNINIT)

    Base Addr    Size         Type   Attr      Idx    E Section Name        Object

    0x50000000   0x00000134   Zero   RW           12    .ARM.__AT_0x50000000  sfr.o



  Load Region LR$$.ARM.__AT_0x50000200 (Base: 0x50000200, Size: 0x00000000, Max: 0x00000024, ABSOLUTE)

    Execution Region ER$$.ARM.__AT_0x50000200 (Base: 0x50000200, Size: 0x00000024, Max: 0x00000024, ABSOLUTE, UNINIT)

    Base Addr    Size         Type   Attr      Idx    E Section Name        Object

    0x50000200   0x00000024   Zero   RW           13    .ARM.__AT_0x50000200  sfr.o



  Load Region LR$$.ARM.__AT_0x50000300 (Base: 0x50000300, Size: 0x00000000, Max: 0x00000088, ABSOLUTE)

    Execution Region ER$$.ARM.__AT_0x50000300 (Base: 0x50000300, Size: 0x00000088, Max: 0x00000088, ABSOLUTE, UNINIT)

    Base Addr    Size         Type   Attr      Idx    E Section Name        Object

    0x50000300   0x00000088   Zero   RW           14    .ARM.__AT_0x50000300  sfr.o



  Load Region LR$$.ARM.__AT_0x50004000 (Base: 0x50004000, Size: 0x00000000, Max: 0x00000024, ABSOLUTE)

    Execution Region ER$$.ARM.__AT_0x50004000 (Base: 0x50004000, Size: 0x00000024, Max: 0x00000024, ABSOLUTE, UNINIT)

    Base Addr    Size         Type   Attr      Idx    E Section Name        Object

    0x50004000   0x00000024   Zero   RW           15    .ARM.__AT_0x50004000  sfr.o



  Load Region LR$$.ARM.__AT_0x50004040 (Base: 0x50004040, Size: 0x00000000, Max: 0x00000024, ABSOLUTE)

    Execution Region ER$$.ARM.__AT_0x50004040 (Base: 0x50004040, Size: 0x00000024, Max: 0x00000024, ABSOLUTE, UNINIT)

    Base Addr    Size         Type   Attr      Idx    E Section Name        Object

    0x50004040   0x00000024   Zero   RW           16    .ARM.__AT_0x50004040  sfr.o



  Load Region LR$$.ARM.__AT_0x50008000 (Base: 0x50008000, Size: 0x00000000, Max: 0x00000030, ABSOLUTE)

    Execution Region ER$$.ARM.__AT_0x50008000 (Base: 0x50008000, Size: 0x00000030, Max: 0x00000030, ABSOLUTE, UNINIT)

    Base Addr    Size         Type   Attr      Idx    E Section Name        Object

    0x50008000   0x00000030   Zero   RW           17    .ARM.__AT_0x50008000  sfr.o



  Load Region LR$$.ARM.__AT_0x5000C000 (Base: 0x5000c000, Size: 0x00000000, Max: 0x00000014, ABSOLUTE)

    Execution Region ER$$.ARM.__AT_0x5000C000 (Base: 0x5000c000, Size: 0x00000014, Max: 0x00000014, ABSOLUTE, UNINIT)

    Base Addr    Size         Type   Attr      Idx    E Section Name        Object

    0x5000c000   0x00000014   Zero   RW           18    .ARM.__AT_0x5000C000  sfr.o


==============================================================================

Image component sizes


      Code (inc. data)   RO Data    RW Data    ZI Data      Debug   Object Name

         0          0          0          0          0         32   core_cm0.o
      2540        274        336         76       5720      21747   dirdetect.o
       608         54          0          0          0      35155   main.o
         0          0          0          0        984      30941   sfr.o
       300         18          0          0          0      12766   spi.o
       240        104        128         84       1024       1692   startup_n572_isp.o

    ----------------------------------------------------------------------
      3688        450        512        160       7732     102333   Object Totals
         0          0         48          0          0          0   (incl. Generated)
         0          0          0          0          4          0   (incl. Padding)

    ----------------------------------------------------------------------

      Code (inc. data)   RO Data    RW Data    ZI Data      Debug   Library Member Name

       312         38          0          2          0      16897   DRVADC_drvadc.o
         0          0          0         12          0       5933   DRVAPU_drvapu.o
       176         40          0          0          0       4514   DRVCLK_drvclk_f072.o
        96         18          0          0          0      14954   DRVSPI_drvspi_f072.o
        20          4          0          0          0        842   DRVSYS_drvsys.o
       180         32          0          0          0      16643   DRVTIMER_drvtimer.o
       480         64          0          6        100         76   SOFTUART_softuart.o
        68         10          0          0          0        420   SemiHost_Startup_Keil.o
        64          8          0          1         16       4844   semihost_retarget.o
         8          0          0          0          0         68   __main.o
        60          8          0          0          0          0   __scatter.o
        26          0          0          0          0          0   __scatter_copy.o
        28          0          0          0          0          0   __scatter_zi.o
        16          0          0          0          0         64   abort.o
       488          0          0          0          0         92   aeabi_sdivfast.o
       124         42          0          0          0         68   assert.o
        20          0          0          0          0         68   assert_puts.o
        48         34          0          0          0         68   defsig_abrt_inner.o
        12          0          0          0          0         68   defsig_abrt_outer.o
        12          0          0          0          0         68   defsig_exit.o
        52          0          0          0          0         72   defsig_general.o
        12          0          0          0          0         64   exit.o
         6          0          0          0          0        136   heapauxi.o
         0          0          0          0          0          0   indicate_semi.o
         2          0          0          0          0          0   libinit.o
         6          0          0          0          0          0   libinit2.o
         2          0          0          0          0          0   libshutdown.o
         2          0          0          0          0          0   libshutdown2.o
         8          4          0          0         96         68   libspace.o
        48          0          0          0          0         72   llmul.o
       112          0          0          0          0         72   llsdiv.o
       258          0          0          0          0         88   lludiv.o
        56          0          0          0          0         68   rt_memcpy.o
         0          0          0          0          0          0   rtentry.o
        12          0          0          0          0          0   rtentry2.o
         6          0          0          0          0          0   rtentry4.o
         2          0          0          0          0          0   rtexit.o
        10          0          0          0          0          0   rtexit2.o
        12          4          0          0          0         60   sys_exit.o
        62          0          0          0          0         80   sys_stackheap_outer.o
         2          0          0          0          0         68   use_no_semi.o

    ----------------------------------------------------------------------
      2912        306          0         24        212      66535   Library Totals
         4          0          0          3          0          0   (incl. Padding)

    ----------------------------------------------------------------------

      Code (inc. data)   RO Data    RW Data    ZI Data      Debug   Library Name

       784        132          0         14          0      59783   Driver_F072_keil.lib
       480         64          0          6        100         76   SDK_F072_Keil.lib
       132         18          0          1         16       5264   SemiHost_Keil.lib
      1512         92          0          0         96       1412   c_p.l

    ----------------------------------------------------------------------
      2912        306          0         24        212      66535   Library Totals

    ----------------------------------------------------------------------

==============================================================================


      Code (inc. data)   RO Data    RW Data    ZI Data      Debug   

      6600        756        512        184       7944     167204   Grand Totals
      6600        756        512        184       7944     167204   ELF Image Totals
      6600        756        512        184          0          0   ROM Totals

==============================================================================

    Total RO  Size (Code + RO Data)                 7112 (   6.95kB)
    Total RW  Size (RW Data + ZI Data)              8128 (   7.94kB)
    Total ROM Size (Code + RO Data + RW Data)       7296 (   7.13kB)

==============================================================================

